 gamex86

 Timestamp is 5272f340 (Thu Oct 31 20:18:08 2013)

 Preferred load address is 20000000

 Start         Length     Name                   Class
 0001:00000000 00096927H .text                   CODE
 0001:00096930 00000139H .text$x                 CODE
 0002:00000000 00000188H .idata$5                DATA
 0002:00000188 00000004H .CRT$XCA                DATA
 0002:0000018c 00000004H .CRT$XCZ                DATA
 0002:00000190 00000004H .CRT$XIA                DATA
 0002:00000194 00000014H .CRT$XIC                DATA
 0002:000001a8 00000004H .CRT$XIZ                DATA
 0002:000001ac 00000004H .CRT$XPA                DATA
 0002:000001b0 00000008H .CRT$XPX                DATA
 0002:000001b8 00000004H .CRT$XPXA               DATA
 0002:000001bc 00000004H .CRT$XPZ                DATA
 0002:000001c0 00000004H .CRT$XTA                DATA
 0002:000001c4 00000004H .CRT$XTZ                DATA
 0002:000001d0 00011038H .rdata                  DATA
 0002:00011208 00000035H .rdata$debug            DATA
 0002:00011240 000001c4H .rdata$r                DATA
 0002:00011410 00000030H .rdata$sxdata           DATA
 0002:00011440 00000004H .rtc$IAA                DATA
 0002:00011444 00000004H .rtc$IZZ                DATA
 0002:00011448 00000004H .rtc$TAA                DATA
 0002:0001144c 00000004H .rtc$TZZ                DATA
 0002:00011450 00000e70H .xdata$x                DATA
 0002:000122c0 00000014H .idata$2                DATA
 0002:000122d4 00000014H .idata$3                DATA
 0002:000122e8 00000188H .idata$4                DATA
 0002:00012470 00000700H .idata$6                DATA
 0002:00012b70 00000049H .edata                  DATA
 0003:00000000 0001a994H .data                   DATA
 0003:0001a9a0 0000d794H .bss                    DATA

  Address         Publics by Value              Rva+Base       Lib:Object

 0000:00000000       __except_list              00000000     <absolute>
 0000:0000000c       ___safe_se_handler_count   0000000c     <absolute>
 0000:00000000       ___ImageBase               20000000     <linker-defined>
 0001:00000000       _AI_SetSightClient         20001000 f   g_ai.obj
 0001:000000c0       _ai_move                   200010c0 f   g_ai.obj
 0001:000000f0       _ai_stand                  200010f0 f   g_ai.obj
 0001:00000330       _ai_walk                   20001330 f   g_ai.obj
 0001:00000420       _ai_charge                 20001420 f   g_ai.obj
 0001:000004c0       _ai_turn                   200014c0 f   g_ai.obj
 0001:00000510       _range                     20001510 f   g_ai.obj
 0001:000005a0       _visible                   200015a0 f   g_ai.obj
 0001:00000670       _infront                   20001670 f   g_ai.obj
 0001:00000700       _HuntTarget                20001700 f   g_ai.obj
 0001:000007d0       _FoundTarget               200017d0 f   g_ai.obj
 0001:00000980       _FindTarget                20001980 f   g_ai.obj
 0001:00000dd0       _FacingIdeal               20001dd0 f   g_ai.obj
 0001:00000e30       _M_CheckAttack             20001e30 f   g_ai.obj
 0001:00001130       _ai_run_melee              20002130 f   g_ai.obj
 0001:00001180       _ai_run_missile            20002180 f   g_ai.obj
 0001:000011d0       _ai_run_slide              200021d0 f   g_ai.obj
 0001:00001290       _ai_checkattack            20002290 f   g_ai.obj
 0001:00001690       _ai_run                    20002690 f   g_ai.obj
 0001:000020c0       _UpdateChaseCam            200030c0 f   g_chase.obj
 0001:00002610       _ChaseNext                 20003610 f   g_chase.obj
 0001:000026d0       _ChasePrev                 200036d0 f   g_chase.obj
 0001:00002790       _GetChaseTarget            20003790 f   g_chase.obj
 0001:00002830       _ClientTeam                20003830 f   g_cmds.obj
 0001:000028d0       _OnSameTeam                200038d0 f   g_cmds.obj
 0001:00002970       _SelectNextItem            20003970 f   g_cmds.obj
 0001:00002a50       _SelectPrevItem            20003a50 f   g_cmds.obj
 0001:00002b40       _ValidateSelectedItem      20003b40 f   g_cmds.obj
 0001:00002b80       _Cmd_Give_f                20003b80 f   g_cmds.obj
 0001:00003070       _Cmd_God_f                 20004070 f   g_cmds.obj
 0001:00003100       _findSafeSpawn             20004100 f   g_cmds.obj
 0001:00003180       _killmonsters              20004180 f   g_cmds.obj
 0001:000031e0       _spawn_monsters            200041e0 f   g_cmds.obj
 0001:00003e60       _start_Wave                20004e60 f   g_cmds.obj
 0001:00003f80       _Cmd_Compass_f             20004f80 f   g_cmds.obj
 0001:00004050       _Cmd_Startwave             20005050 f   g_cmds.obj
 0001:00004170       _Cmd_Notarget_f            20005170 f   g_cmds.obj
 0001:00004200       _Cmd_Noclip_f              20005200 f   g_cmds.obj
 0001:000042a0       _Cmd_Use_f                 200052a0 f   g_cmds.obj
 0001:00004360       _Cmd_Drop_f                20005360 f   g_cmds.obj
 0001:00004420       _Cmd_Inven_f               20005420 f   g_cmds.obj
 0001:000044d0       _Cmd_InvUse_f              200054d0 f   g_cmds.obj
 0001:00004570       _Cmd_WeapPrev_f            20005570 f   g_cmds.obj
 0001:00004640       _Cmd_WeapNext_f            20005640 f   g_cmds.obj
 0001:00004720       _Cmd_WeapLast_f            20005720 f   g_cmds.obj
 0001:000047c0       _Cmd_InvDrop_f             200057c0 f   g_cmds.obj
 0001:00004850       _Cmd_Kill_f                20005850 f   g_cmds.obj
 0001:000048c0       _Cmd_PutAway_f             200058c0 f   g_cmds.obj
 0001:00004900       _PlayerSort                20005900 f   g_cmds.obj
 0001:00004970       _Cmd_Players_f             20005970 f   g_cmds.obj
 0001:00004b40       _Cmd_Wave_f                20005b40 f   g_cmds.obj
 0001:00004cc0       _Cmd_Say_f                 20005cc0 f   g_cmds.obj
 0001:00005080       _Cmd_PlayerList_f          20006080 f   g_cmds.obj
 0001:00005270       _upgrade_Sel               20006270 f   g_cmds.obj
 0001:000055f0       _Cmd_upgrade_menu          200065f0 f   g_cmds.obj
 0001:000057d0       _ClientCommand             200067d0 f   g_cmds.obj
 0001:00005ca0       _CanDamage                 20006ca0 f   g_combat.obj
 0001:00006000       _lvlupsparks               20007000 f   g_combat.obj
 0001:00006100       _levelup                   20007100 f   g_combat.obj
 0001:000062b0       _checklvlup                200072b0 f   g_combat.obj
 0001:00006320       _Killed                    20007320 f   g_combat.obj
 0001:00006500       _SpawnDamage               20007500 f   g_combat.obj
 0001:00006560       _M_ReactToDamage           20007560 f   g_combat.obj
 0001:00006870       _CheckTeamDamage           20007870 f   g_combat.obj
 0001:00006880       _T_Damage                  20007880 f   g_combat.obj
 0001:00007260       _T_RadiusDamage            20008260 f   g_combat.obj
 0001:00007400       _Move_Done                 20008400 f   g_func.obj
 0001:00007440       _Move_Final                20008440 f   g_func.obj
 0001:000074d0       _Move_Begin                200084d0 f   g_func.obj
 0001:000075b0       _Move_Calc                 200085b0 f   g_func.obj
 0001:00007710       _AngleMove_Done            20008710 f   g_func.obj
 0001:00007750       _AngleMove_Final           20008750 f   g_func.obj
 0001:00007840       _AngleMove_Begin           20008840 f   g_func.obj
 0001:00007970       _AngleMove_Calc            20008970 f   g_func.obj
 0001:00007a10       _plat_CalcAcceleratedMove  20008a10 f   g_func.obj
 0001:00007b40       _plat_Accelerate           20008b40 f   g_func.obj
 0001:00007d40       _Think_AccelMove           20008d40 f   g_func.obj
 0001:00007e20       _plat_hit_top              20008e20 f   g_func.obj
 0001:00007eb0       _plat_hit_bottom           20008eb0 f   g_func.obj
 0001:00007f20       _plat_go_down              20008f20 f   g_func.obj
 0001:00007fb0       _plat_go_up                20008fb0 f   g_func.obj
 0001:00008040       _plat_blocked              20009040 f   g_func.obj
 0001:00008110       _Use_Plat                  20009110 f   g_func.obj
 0001:00008130       _Touch_Plat_Center         20009130 f   g_func.obj
 0001:000081a0       _plat_spawn_inside_trigger 200091a0 f   g_func.obj
 0001:00008350       _SP_func_plat              20009350 f   g_func.obj
 0001:00008710       _rotating_blocked          20009710 f   g_func.obj
 0001:00008750       _rotating_touch            20009750 f   g_func.obj
 0001:000087d0       _rotating_use              200097d0 f   g_func.obj
 0001:00008880       _SP_func_rotating          20009880 f   g_func.obj
 0001:00008a60       _button_done               20009a60 f   g_func.obj
 0001:00008aa0       _button_return             20009aa0 f   g_func.obj
 0001:00008af0       _button_wait               20009af0 f   g_func.obj
 0001:00008b90       _button_fire               20009b90 f   g_func.obj
 0001:00008c30       _button_use                20009c30 f   g_func.obj
 0001:00008c50       _button_touch              20009c50 f   g_func.obj
 0001:00008c90       _button_killed             20009c90 f   g_func.obj
 0001:00008cd0       _SP_func_button            20009cd0 f   g_func.obj
 0001:00009070       _door_use_areaportals      2000a070 f   g_func.obj
 0001:000090f0       _door_hit_top              2000a0f0 f   g_func.obj
 0001:000091b0       _door_hit_bottom           2000a1b0 f   g_func.obj
 0001:00009230       _door_go_down              2000a230 f   g_func.obj
 0001:00009330       _door_go_up                2000a330 f   g_func.obj
 0001:00009470       _door_use                  2000a470 f   g_func.obj
 0001:00009540       _Touch_DoorTrigger         2000a540 f   g_func.obj
 0001:000095e0       _Think_CalcMoveSpeed       2000a5e0 f   g_func.obj
 0001:00009760       _Think_SpawnDoorTrigger    2000a760 f   g_func.obj
 0001:00009910       _door_blocked              2000a910 f   g_func.obj
 0001:00009a50       _door_killed               2000aa50 f   g_func.obj
 0001:00009ac0       _door_touch                2000aac0 f   g_func.obj
 0001:00009b50       _SP_func_door              2000ab50 f   g_func.obj
 0001:0000a0c0       _SP_func_door_rotating     2000b0c0 f   g_func.obj
 0001:0000a670       _SP_func_water             2000b670 f   g_func.obj
 0001:0000aa80       _train_blocked             2000ba80 f   g_func.obj
 0001:0000ab60       _train_wait                2000bb60 f   g_func.obj
 0001:0000acf0       _train_next                2000bcf0 f   g_func.obj
 0001:0000af60       _train_resume              2000bf60 f   g_func.obj
 0001:0000b040       _func_train_find           2000c040 f   g_func.obj
 0001:0000b160       _train_use                 2000c160 f   g_func.obj
 0001:0000b200       _SP_func_train             2000c200 f   g_func.obj
 0001:0000b380       _trigger_elevator_use      2000c380 f   g_func.obj
 0001:0000b420       _trigger_elevator_init     2000c420 f   g_func.obj
 0001:0000b4e0       _SP_trigger_elevator       2000c4e0 f   g_func.obj
 0001:0000b510       _func_timer_think          2000c510 f   g_func.obj
 0001:0000b580       _func_timer_use            2000c580 f   g_func.obj
 0001:0000b5f0       _SP_func_timer             2000c5f0 f   g_func.obj
 0001:0000b710       _func_conveyor_use         2000c710 f   g_func.obj
 0001:0000b790       _SP_func_conveyor          2000c790 f   g_func.obj
 0001:0000b830       _door_secret_use           2000c830 f   g_func.obj
 0001:0000b880       _door_secret_move1         2000c880 f   g_func.obj
 0001:0000b8b0       _door_secret_move2         2000c8b0 f   g_func.obj
 0001:0000b8d0       _door_secret_move3         2000c8d0 f   g_func.obj
 0001:0000b920       _door_secret_move4         2000c920 f   g_func.obj
 0001:0000b940       _door_secret_move5         2000c940 f   g_func.obj
 0001:0000b970       _door_secret_move6         2000c970 f   g_func.obj
 0001:0000b990       _door_secret_done          2000c990 f   g_func.obj
 0001:0000b9e0       _door_secret_blocked       2000c9e0 f   g_func.obj
 0001:0000bab0       _door_secret_die           2000cab0 f   g_func.obj
 0001:0000bae0       _SP_func_door_secret       2000cae0 f   g_func.obj
 0001:0000be50       _use_killbox               2000ce50 f   g_func.obj
 0001:0000be70       _SP_func_killbox           2000ce70 f   g_func.obj
 0001:0000beb0       _GetItemByIndex            2000ceb0 f   g_items.obj
 0001:0000bee0       _FindItemByClassname       2000cee0 f   g_items.obj
 0001:0000bf40       _FindItem                  2000cf40 f   g_items.obj
 0001:0000bfb0       _DoRespawn                 2000cfb0 f   g_items.obj
 0001:0000c080       _SetRespawn                2000d080 f   g_items.obj
 0001:0000c0f0       _Pickup_Powerup            2000d0f0 f   g_items.obj
 0001:0000c2c0       _Drop_General              2000d2c0 f   g_items.obj
 0001:0000c320       _Pickup_Adrenaline         2000d320 f   g_items.obj
 0001:0000c3c0       _Pickup_AncientHead        2000d3c0 f   g_items.obj
 0001:0000c430       _Pickup_Bandolier          2000d430 f   g_items.obj
 0001:0000c620       _Pickup_Pack               2000d620 f   g_items.obj
 0001:0000ca70       _Use_Quad                  2000da70 f   g_items.obj
 0001:0000cb70       _Use_Breather              2000db70 f   g_items.obj
 0001:0000cc20       _Use_Envirosuit            2000dc20 f   g_items.obj
 0001:0000ccd0       _Use_Invulnerability       2000dcd0 f   g_items.obj
 0001:0000cdb0       _Use_Silencer              2000ddb0 f   g_items.obj
 0001:0000ce20       _Pickup_Key                2000de20 f   g_items.obj
 0001:0000cfa0       _Add_Ammo                  2000dfa0 f   g_items.obj
 0001:0000d0e0       _Pickup_Ammo               2000e0e0 f   g_items.obj
 0001:0000d240       _Drop_Ammo                 2000e240 f   g_items.obj
 0001:0000d350       _MegaHealth_think          2000e350 f   g_items.obj
 0001:0000d400       _Pickup_Health             2000e400 f   g_items.obj
 0001:0000d540       _ArmorIndex                2000e540 f   g_items.obj
 0001:0000d5b0       _Pickup_Armor              2000e5b0 f   g_items.obj
 0001:0000d7f0       _PowerArmorType            2000e7f0 f   g_items.obj
 0001:0000d860       _Use_PowerArmor            2000e860 f   g_items.obj
 0001:0000d960       _Pickup_PowerArmor         2000e960 f   g_items.obj
 0001:0000da50       _Drop_PowerArmor           2000ea50 f   g_items.obj
 0001:0000dab0       _Touch_Item                2000eab0 f   g_items.obj
 0001:0000ddd0       _Drop_Item                 2000edd0 f   g_items.obj
 0001:0000e0d0       _Use_Item                  2000f0d0 f   g_items.obj
 0001:0000e150       _droptofloor               2000f150 f   g_items.obj
 0001:0000e4a0       _PrecacheItem              2000f4a0 f   g_items.obj
 0001:0000e6c0       _SpawnItem                 2000f6c0 f   g_items.obj
 0001:0000e940       _SP_item_health            2000f940 f   g_items.obj
 0001:0000e9c0       _SP_item_health_small      2000f9c0 f   g_items.obj
 0001:0000ea50       _SP_item_health_large      2000fa50 f   g_items.obj
 0001:0000ead0       _SP_item_health_mega       2000fad0 f   g_items.obj
 0001:0000eb60       _InitItems                 2000fb60 f   g_items.obj
 0001:0000eb70       _SetItemNames              2000fb70 f   g_items.obj
 0001:0000ec60       _ShutdownGame              2000fc60 f   g_main.obj
 0001:0000ec90       _GetGameAPI                2000fc90 f   g_main.obj
 0001:0000ed60       _Sys_Error                 2000fd60 f   g_main.obj
 0001:0000edd0       _Com_Printf                2000fdd0 f   g_main.obj
 0001:0000ee40       _ClientEndServerFrames     2000fe40 f   g_main.obj
 0001:0000eeb0       _CreateTargetChangeLevel   2000feb0 f   g_main.obj
 0001:0000ef00       _EndDMLevel                2000ff00 f   g_main.obj
 0001:0000f0f0       _CheckNeedPass             200100f0 f   g_main.obj
 0001:0000f1c0       _CheckDMRules              200101c0 f   g_main.obj
 0001:0000f2f0       _ExitLevel                 200102f0 f   g_main.obj
 0001:0000f400       _G_RunFrame                20010400 f   g_main.obj
 0001:0000f550       _Use_Areaportal            20010550 f   g_misc.obj
 0001:0000f590       _SP_func_areaportal        20010590 f   g_misc.obj
 0001:0000f5b0       _VelocityForDamage         200105b0 f   g_misc.obj
 0001:0000f680       _ClipGibVelocity           20010680 f   g_misc.obj
 0001:0000f770       _gib_think                 20010770 f   g_misc.obj
 0001:0000f7f0       _gib_touch                 200107f0 f   g_misc.obj
 0001:0000f8d0       _gib_die                   200108d0 f   g_misc.obj
 0001:0000f8f0       _ThrowGib                  200108f0 f   g_misc.obj
 0001:0000fb90       _ThrowHead                 20010b90 f   g_misc.obj
 0001:0000fd90       _ThrowClientHead           20010d90 f   g_misc.obj
 0001:0000ff40       _debris_die                20010f40 f   g_misc.obj
 0001:0000ff60       _ThrowDebris               20010f60 f   g_misc.obj
 0001:00010170       _BecomeExplosion1          20011170 f   g_misc.obj
 0001:000101c0       _BecomeExplosion2          200111c0 f   g_misc.obj
 0001:00010210       _path_corner_touch         20011210 f   g_misc.obj
 0001:00010420       _SP_path_corner            20011420 f   g_misc.obj
 0001:00010500       _point_combat_touch        20011500 f   g_misc.obj
 0001:00010740       _SP_point_combat           20011740 f   g_misc.obj
 0001:00010800       _TH_viewthing              20011800 f   g_misc.obj
 0001:00010840       _SP_viewthing              20011840 f   g_misc.obj
 0001:00010920       _SP_info_null              20011920 f   g_misc.obj
 0001:00010940       _SP_info_notnull           20011940 f   g_misc.obj
 0001:000109a0       _SP_light                  200119a0 f   g_misc.obj
 0001:00010ac0       _func_wall_use             20011ac0 f   g_misc.obj
 0001:00010b50       _SP_func_wall              20011b50 f   g_misc.obj
 0001:00010ca0       _func_object_touch         20011ca0 f   g_misc.obj
 0001:00010d10       _func_object_release       20011d10 f   g_misc.obj
 0001:00010d30       _func_object_use           20011d30 f   g_misc.obj
 0001:00010d80       _SP_func_object            20011d80 f   g_misc.obj
 0001:00010f30       _func_explosive_explode    20011f30 f   g_misc.obj
 0001:000112b0       _func_explosive_use        200122b0 f   g_misc.obj
 0001:000112e0       _func_explosive_spawn      200122e0 f   g_misc.obj
 0001:00011330       _SP_func_explosive         20012330 f   g_misc.obj
 0001:00011490       _barrel_touch              20012490 f   g_misc.obj
 0001:00011530       _barrel_explode            20012530 f   g_misc.obj
 0001:00012080       _barrel_delay              20013080 f   g_misc.obj
 0001:000120c0       _SP_misc_explobox          200130c0 f   g_misc.obj
 0001:00012260       _misc_blackhole_use        20013260 f   g_misc.obj
 0001:00012280       _misc_blackhole_think      20013280 f   g_misc.obj
 0001:000122e0       _SP_misc_blackhole         200132e0 f   g_misc.obj
 0001:000123b0       _misc_eastertank_think     200133b0 f   g_misc.obj
 0001:00012410       _SP_misc_eastertank        20013410 f   g_misc.obj
 0001:000124e0       _misc_easterchick_think    200134e0 f   g_misc.obj
 0001:00012540       _SP_misc_easterchick       20013540 f   g_misc.obj
 0001:00012610       _misc_easterchick2_think   20013610 f   g_misc.obj
 0001:00012670       _SP_misc_easterchick2      20013670 f   g_misc.obj
 0001:00012740       _commander_body_think      20013740 f   g_misc.obj
 0001:000127c0       _commander_body_use        200137c0 f   g_misc.obj
 0001:00012820       _commander_body_drop       20013820 f   g_misc.obj
 0001:00012850       _SP_monster_commander_body 20013850 f   g_misc.obj
 0001:00012970       _misc_banner_think         20013970 f   g_misc.obj
 0001:000129b0       _SP_misc_banner            200139b0 f   g_misc.obj
 0001:00012a30       _misc_deadsoldier_die      20013a30 f   g_misc.obj
 0001:00012ac0       _SP_misc_deadsoldier       20013ac0 f   g_misc.obj
 0001:00012c60       _misc_viper_use            20013c60 f   g_misc.obj
 0001:00012ca0       _SP_misc_viper             20013ca0 f   g_misc.obj
 0001:00012e20       _SP_misc_bigviper          20013e20 f   g_misc.obj
 0001:00012ec0       _misc_viper_bomb_touch     20013ec0 f   g_misc.obj
 0001:00012f40       _misc_viper_bomb_prethink  20013f40 f   g_misc.obj
 0001:00012fe0       _misc_viper_bomb_use       20013fe0 f   g_misc.obj
 0001:000130e0       _SP_misc_viper_bomb        200140e0 f   g_misc.obj
 0001:000131c0       _misc_strogg_ship_use      200141c0 f   g_misc.obj
 0001:00013200       _SP_misc_strogg_ship       20014200 f   g_misc.obj
 0001:00013380       _misc_satellite_dish_think 20014380 f   g_misc.obj
 0001:000133c0       _misc_satellite_dish_use   200143c0 f   g_misc.obj
 0001:00013400       _SP_misc_satellite_dish    20014400 f   g_misc.obj
 0001:000134b0       _SP_light_mine1            200144b0 f   g_misc.obj
 0001:000134f0       _SP_light_mine2            200144f0 f   g_misc.obj
 0001:00013530       _SP_misc_gib_arm           20014530 f   g_misc.obj
 0001:00013650       _SP_misc_gib_leg           20014650 f   g_misc.obj
 0001:00013770       _SP_misc_gib_head          20014770 f   g_misc.obj
 0001:00013890       _SP_target_character       20014890 f   g_misc.obj
 0001:000138e0       _target_string_use         200148e0 f   g_misc.obj
 0001:000139c0       _SP_target_string          200149c0 f   g_misc.obj
 0001:000139f0       _func_clock_think          200149f0 f   g_misc.obj
 0001:00013e90       _func_clock_use            20014e90 f   g_misc.obj
 0001:00013ee0       _SP_func_clock             20014ee0 f   g_misc.obj
 0001:00014010       _teleporter_touch          20015010 f   g_misc.obj
 0001:00014200       _SP_misc_teleporter        20015200 f   g_misc.obj
 0001:000143b0       _SP_misc_teleporter_dest   200153b0 f   g_misc.obj
 0001:00014450       _monster_fire_bullet       20015450 f   g_monster.obj
 0001:000144c0       _monster_fire_shotgun      200154c0 f   g_monster.obj
 0001:00014540       _monster_fire_blaster      20015540 f   g_monster.obj
 0001:000145b0       _monster_fire_grenade      200155b0 f   g_monster.obj
 0001:00014630       _monster_fire_rocket       20015630 f   g_monster.obj
 0001:000146b0       _monster_fire_railgun      200156b0 f   g_monster.obj
 0001:00014720       _monster_fire_bfg          20015720 f   g_monster.obj
 0001:00014790       _M_FlyCheck                20015790 f   g_monster.obj
 0001:000148b0       _AttackFinished            200158b0 f   g_monster.obj
 0001:000148d0       _M_CheckGround             200158d0 f   g_monster.obj
 0001:00014a10       _M_CatagorizePosition      20015a10 f   g_monster.obj
 0001:00014b00       _M_WorldEffects            20015b00 f   g_monster.obj
 0001:00014fd0       _M_droptofloor             20015fd0 f   g_monster.obj
 0001:000150d0       _M_SetEffects              200160d0 f   g_monster.obj
 0001:000151b0       _M_MoveFrame               200161b0 f   g_monster.obj
 0001:000153a0       _monster_think             200163a0 f   g_monster.obj
 0001:00015410       _monster_use               20016410 f   g_monster.obj
 0001:00015480       _monster_triggered_spawn   20016480 f   g_monster.obj
 0001:00015550       _monster_triggered_spawn_use 20016550 f   g_monster.obj
 0001:000155a0       _monster_triggered_start   200165a0 f   g_monster.obj
 0001:000155f0       _monster_death_use         200165f0 f   g_monster.obj
 0001:000156a0       _monster_start             200166a0 f   g_monster.obj
 0001:000158a0       _monster_start_go          200168a0 f   g_monster.obj
 0001:00015c40       _walkmonster_start_go      20016c40 f   g_monster.obj
 0001:00015d20       _walkmonster_start         20016d20 f   g_monster.obj
 0001:00015d40       _flymonster_start_go       20016d40 f   g_monster.obj
 0001:00015df0       _flymonster_start          20016df0 f   g_monster.obj
 0001:00015e30       _swimmonster_start_go      20016e30 f   g_monster.obj
 0001:00015e90       _swimmonster_start         20016e90 f   g_monster.obj
 0001:00015ed0       _SV_TestEntityPosition     20016ed0 f   g_phys.obj
 0001:00015f70       _SV_CheckVelocity          20016f70 f   g_phys.obj
 0001:00016000       _SV_RunThink               20017000 f   g_phys.obj
 0001:00016090       _SV_Impact                 20017090 f   g_phys.obj
 0001:00016110       _ClipVelocity              20017110 f   g_phys.obj
 0001:00016200       _SV_FlyMove                20017200 f   g_phys.obj
 0001:00016770       _SV_AddGravity             20017770 f   g_phys.obj
 0001:000167a0       _SV_PushEntity             200177a0 f   g_phys.obj
 0001:00016910       _SV_Push                   20017910 f   g_phys.obj
 0001:00016fb0       _SV_Physics_Pusher         20017fb0 f   g_phys.obj
 0001:000171a0       _SV_Physics_None           200181a0 f   g_phys.obj
 0001:000171c0       _SV_Physics_Noclip         200181c0 f   g_phys.obj
 0001:00017240       _SV_Physics_Toss           20018240 f   g_phys.obj
 0001:000175e0       _SV_AddRotationalFriction  200185e0 f   g_phys.obj
 0001:000176f0       _SV_Physics_Step           200186f0 f   g_phys.obj
 0001:00017b80       _G_RunEntity               20018b80 f   g_phys.obj
 0001:00017c50       _InitGame                  20018c50 f   g_save.obj
 0001:00018090       _WriteField1               20019090 f   g_save.obj
 0001:00018240       _WriteField2               20019240 f   g_save.obj
 0001:000182b0       _ReadField                 200192b0 f   g_save.obj
 0001:00018470       _WriteClient               20019470 f   g_save.obj
 0001:00018540       _ReadClient                20019540 f   g_save.obj
 0001:00018590       _WriteGame                 20019590 f   g_save.obj
 0001:00018690       _ReadGame                  20019690 f   g_save.obj
 0001:000187e0       _WriteEdict                200197e0 f   g_save.obj
 0001:000188a0       _WriteLevelLocals          200198a0 f   g_save.obj
 0001:00018980       _ReadEdict                 20019980 f   g_save.obj
 0001:000189d0       _ReadLevelLocals           200199d0 f   g_save.obj
 0001:00018a30       _WriteLevel                20019a30 f   g_save.obj
 0001:00018b30       _ReadLevel                 20019b30 f   g_save.obj
 0001:00018dc0       _ED_CallSpawn              20019dc0 f   g_spawn.obj
 0001:00018ec0       _ED_NewString              20019ec0 f   g_spawn.obj
 0001:00018f80       _ED_ParseField             20019f80 f   g_spawn.obj
 0001:00019120       _ED_ParseEdict             2001a120 f   g_spawn.obj
 0001:00019260       _G_FindTeams               2001a260 f   g_spawn.obj
 0001:000193f0       _SpawnEntities             2001a3f0 f   g_spawn.obj
 0001:00019750       _SP_worldspawn             2001a750 f   g_spawn.obj
 0001:00019dd0       _Svcmd_Test_f              2001add0 f   g_svcmds.obj
 0001:00019df0       _SV_FilterPacket           2001adf0 f   g_svcmds.obj
 0001:00019f00       _SVCmd_AddIP_f             2001af00 f   g_svcmds.obj
 0001:0001a140       _SVCmd_RemoveIP_f          2001b140 f   g_svcmds.obj
 0001:0001a260       _SVCmd_ListIP_f            2001b260 f   g_svcmds.obj
 0001:0001a2d0       _SVCmd_WriteIP_f           2001b2d0 f   g_svcmds.obj
 0001:0001a440       _ServerCommand             2001b440 f   g_svcmds.obj
 0001:0001a500       _Use_Target_Tent           2001b500 f   g_target.obj
 0001:0001a550       _SP_target_temp_entity     2001b550 f   g_target.obj
 0001:0001a570       _Use_Target_Speaker        2001b570 f   g_target.obj
 0001:0001a610       _SP_target_speaker         2001b610 f   g_target.obj
 0001:0001a760       _Use_Target_Help           2001b760 f   g_target.obj
 0001:0001a7c0       _SP_target_help            2001b7c0 f   g_target.obj
 0001:0001a840       _use_target_secret         2001b840 f   g_target.obj
 0001:0001a8a0       _SP_target_secret          2001b8a0 f   g_target.obj
 0001:0001a980       _use_target_goal           2001b980 f   g_target.obj
 0001:0001aa00       _SP_target_goal            2001ba00 f   g_target.obj
 0001:0001aa80       _target_explosion_explode  2001ba80 f   g_target.obj
 0001:0001ab40       _use_target_explosion      2001bb40 f   g_target.obj
 0001:0001aba0       _SP_target_explosion       2001bba0 f   g_target.obj
 0001:0001abc0       _use_target_changelevel    2001bbc0 f   g_target.obj
 0001:0001ad10       _SP_target_changelevel     2001bd10 f   g_target.obj
 0001:0001adb0       _use_target_splash         2001bdb0 f   g_target.obj
 0001:0001ae70       _SP_target_splash          2001be70 f   g_target.obj
 0001:0001aed0       _use_target_spawner        2001bed0 f   g_target.obj
 0001:0001afc0       _SP_target_spawner         2001bfc0 f   g_target.obj
 0001:0001b040       _use_target_blaster        2001c040 f   g_target.obj
 0001:0001b0f0       _SP_target_blaster         2001c0f0 f   g_target.obj
 0001:0001b180       _trigger_crosslevel_trigger_use 2001c180 f   g_target.obj
 0001:0001b1b0       _SP_target_crosslevel_trigger 2001c1b0 f   g_target.obj
 0001:0001b1d0       _target_crosslevel_target_think 2001c1d0 f   g_target.obj
 0001:0001b210       _SP_target_crosslevel_target 2001c210 f   g_target.obj
 0001:0001b270       _target_laser_think        2001c270 f   g_target.obj
 0001:0001b580       _target_laser_on           2001c580 f   g_target.obj
 0001:0001b5e0       _target_laser_off          2001c5e0 f   g_target.obj
 0001:0001b620       _target_laser_use          2001c620 f   g_target.obj
 0001:0001b660       _target_laser_start        2001c660 f   g_target.obj
 0001:0001b8a0       _SP_target_laser           2001c8a0 f   g_target.obj
 0001:0001b8d0       _target_lightramp_think    2001c8d0 f   g_target.obj
 0001:0001b9d0       _target_lightramp_use      2001c9d0 f   g_target.obj
 0001:0001bb20       _SP_target_lightramp       2001cb20 f   g_target.obj
 0001:0001bcf0       _target_earthquake_think   2001ccf0 f   g_target.obj
 0001:0001bea0       _target_earthquake_use     2001cea0 f   g_target.obj
 0001:0001bef0       _SP_target_earthquake      2001cef0 f   g_target.obj
 0001:0001bfb0       _InitTrigger               2001cfb0 f   g_trigger.obj
 0001:0001c030       _multi_wait                2001d030 f   g_trigger.obj
 0001:0001c040       _multi_trigger             2001d040 f   g_trigger.obj
 0001:0001c0f0       _Use_Multi                 2001d0f0 f   g_trigger.obj
 0001:0001c110       _Touch_Multi               2001d110 f   g_trigger.obj
 0001:0001c1d0       _trigger_enable            2001d1d0 f   g_trigger.obj
 0001:0001c200       _SP_trigger_multiple       2001d200 f   g_trigger.obj
 0001:0001c360       _SP_trigger_once           2001d360 f   g_trigger.obj
 0001:0001c410       _trigger_relay_use         2001d410 f   g_trigger.obj
 0001:0001c430       _SP_trigger_relay          2001d430 f   g_trigger.obj
 0001:0001c450       _trigger_key_use           2001d450 f   g_trigger.obj
 0001:0001c720       _SP_trigger_key            2001d720 f   g_trigger.obj
 0001:0001c800       _trigger_counter_use       2001d800 f   g_trigger.obj
 0001:0001c900       _SP_trigger_counter        2001d900 f   g_trigger.obj
 0001:0001c940       _SP_trigger_always         2001d940 f   g_trigger.obj
 0001:0001c980       _trigger_push_touch        2001d980 f   g_trigger.obj
 0001:0001cae0       _SP_trigger_push           2001dae0 f   g_trigger.obj
 0001:0001cb50       _hurt_use                  2001db50 f   g_trigger.obj
 0001:0001cbb0       _hurt_touch                2001dbb0 f   g_trigger.obj
 0001:0001ccd0       _SP_trigger_hurt           2001dcd0 f   g_trigger.obj
 0001:0001cd70       _trigger_gravity_touch     2001dd70 f   g_trigger.obj
 0001:0001cd90       _SP_trigger_gravity        2001dd90 f   g_trigger.obj
 0001:0001ce10       _trigger_monsterjump_touch 2001de10 f   g_trigger.obj
 0001:0001ceb0       _SP_trigger_monsterjump    2001deb0 f   g_trigger.obj
 0001:0001cf40       _AnglesNormalize           2001df40 f   g_turret.obj
 0001:0001cfe0       _SnapToEights              2001dfe0 f   g_turret.obj
 0001:0001d040       _turret_blocked            2001e040 f   g_turret.obj
 0001:0001d0d0       _turret_breach_fire        2001e0d0 f   g_turret.obj
 0001:0001d210       _turret_breach_think       2001e210 f   g_turret.obj
 0001:0001d840       _turret_breach_finish_init 2001e840 f   g_turret.obj
 0001:0001d930       _SP_turret_breach          2001e930 f   g_turret.obj
 0001:0001dab0       _SP_turret_base            2001eab0 f   g_turret.obj
 0001:0001db00       _turret_driver_die         2001eb00 f   g_turret.obj
 0001:0001dbc0       _turret_driver_think       2001ebc0 f   g_turret.obj
 0001:0001ddf0       _turret_driver_link        2001edf0 f   g_turret.obj
 0001:0001dfd0       _SP_turret_driver          2001efd0 f   g_turret.obj
 0001:0001e210       _G_ProjectSource           2001f210 f   g_utils.obj
 0001:0001e290       _G_Find                    2001f290 f   g_utils.obj
 0001:0001e320       _findradius                2001f320 f   g_utils.obj
 0001:0001e410       _G_PickTarget              2001f410 f   g_utils.obj
 0001:0001e4b0       _Think_Delay               2001f4b0 f   g_utils.obj
 0001:0001e4e0       _G_UseTargets              2001f4e0 f   g_utils.obj
 0001:0001e790       _tv                        2001f790 f   g_utils.obj
 0001:0001e7e0       _vtos                      2001f7e0 f   g_utils.obj
 0001:0001e850       _G_SetMovedir              2001f850 f   g_utils.obj
 0001:0001e900       _vectoyaw                  2001f900 f   g_utils.obj
 0001:0001e9c0       _vectoangles               2001f9c0 f   g_utils.obj
 0001:0001eb50       _G_CopyString              2001fb50 f   g_utils.obj
 0001:0001eb90       _G_InitEdict               2001fb90 f   g_utils.obj
 0001:0001ebd0       _G_Spawn                   2001fbd0 f   g_utils.obj
 0001:0001ecc0       _G_FreeEdict               2001fcc0 f   g_utils.obj
 0001:0001ed40       _G_TouchTriggers           2001fd40 f   g_utils.obj
 0001:0001ee10       _G_TouchSolids             2001fe10 f   g_utils.obj
 0001:0001eec0       _KillBox                   2001fec0 f   g_utils.obj
 0001:0001ef90       _fire_hit                  2001ff90 f   g_weapon.obj
 0001:0001f310       _fire_bullet               20020310 f   g_weapon.obj
 0001:0001f9a0       _fire_shotgun              200209a0 f   g_weapon.obj
 0001:0001f9f0       _blaster_touch             200209f0 f   g_weapon.obj
 0001:0001fb30       _fire_blaster              20020b30 f   g_weapon.obj
 0001:0001ff10       _fire_grenade              20020f10 f   g_weapon.obj
 0001:00020580       _fire_grenade2             20021580 f   g_weapon.obj
 0001:00020850       _rocket_touch              20021850 f   g_weapon.obj
 0001:00020a40       _fire_rocket               20021a40 f   g_weapon.obj
 0001:00020c20       _fire_rail                 20021c20 f   g_weapon.obj
 0001:00020e10       _bfg_explode               20021e10 f   g_weapon.obj
 0001:00021040       _bfg_touch                 20022040 f   g_weapon.obj
 0001:00021250       _bfg_think                 20022250 f   g_weapon.obj
 0001:00021560       _fire_bfg                  20022560 f   g_weapon.obj
 0001:00021770       _actor_stand               20022770 f   m_actor.obj
 0001:000217d0       _actor_walk                200227d0 f   m_actor.obj
 0001:000217f0       _actor_run                 200227f0 f   m_actor.obj
 0001:00021870       _actor_pain                20022870 f   m_actor.obj
 0001:00021a30       _actorMachineGun           20022a30 f   m_actor.obj
 0001:00021ba0       _actor_dead                20022ba0 f   m_actor.obj
 0001:00021c40       _actor_die                 20022c40 f   m_actor.obj
 0001:00021d40       _actor_fire                20022d40 f   m_actor.obj
 0001:00021da0       _actor_attack              20022da0 f   m_actor.obj
 0001:00021de0       _actor_use                 20022de0 f   m_actor.obj
 0001:00021f30       _SP_misc_actor             20022f30 f   m_actor.obj
 0001:00022150       _target_actor_touch        20023150 f   m_actor.obj
 0001:000224c0       _SP_target_actor           200234c0 f   m_actor.obj
 0001:00022620       _berserk_sight             20023620 f   m_berserk.obj
 0001:00022650       _berserk_search            20023650 f   m_berserk.obj
 0001:00022680       _berserk_stand             20023680 f   m_berserk.obj
 0001:000226a0       _berserk_fidget            200236a0 f   m_berserk.obj
 0001:00022720       _berserk_walk              20023720 f   m_berserk.obj
 0001:00022740       _berserk_run               20023740 f   m_berserk.obj
 0001:00022770       _berserk_attack_spike      20023770 f   m_berserk.obj
 0001:000227a0       _berserk_swing             200237a0 f   m_berserk.obj
 0001:000227d0       _berserk_attack_club       200237d0 f   m_berserk.obj
 0001:00022820       _berserk_strike            20023820 f   m_berserk.obj
 0001:00022830       _berserk_melee             20023830 f   m_berserk.obj
 0001:00022870       _berserk_pain              20023870 f   m_berserk.obj
 0001:00022960       _berserk_dead              20023960 f   m_berserk.obj
 0001:00022a00       _berserk_die               20023a00 f   m_berserk.obj
 0001:00022b50       _SP_monster_berserk        20023b50 f   m_berserk.obj
 0001:00022d30       _boss2_search              20023d30 f   m_boss2.obj
 0001:00022d90       _Boss2Rocket               20023d90 f   m_boss2.obj
 0001:00023060       _boss2_firebullet_right    20024060 f   m_boss2.obj
 0001:00023140       _boss2_firebullet_left     20024140 f   m_boss2.obj
 0001:00023220       _Boss2MachineGun           20024220 f   m_boss2.obj
 0001:00023240       _boss2_stand               20024240 f   m_boss2.obj
 0001:00023260       _boss2_run                 20024260 f   m_boss2.obj
 0001:00023290       _boss2_walk                20024290 f   m_boss2.obj
 0001:000232b0       _boss2_attack              200242b0 f   m_boss2.obj
 0001:00023370       _boss2_attack_mg           20024370 f   m_boss2.obj
 0001:00023390       _boss2_reattack_mg         20024390 f   m_boss2.obj
 0001:00023400       _boss2_pain                20024400 f   m_boss2.obj
 0001:00023510       _boss2_dead                20024510 f   m_boss2.obj
 0001:000235b0       _boss2_die                 200245b0 f   m_boss2.obj
 0001:00023610       _Boss2_CheckAttack         20024610 f   m_boss2.obj
 0001:00023920       _SP_monster_boss2          20024920 f   m_boss2.obj
 0001:00023b00       _Use_Boss3                 20024b00 f   m_boss3.obj
 0001:00023b50       _Think_Boss3Stand          20024b50 f   m_boss3.obj
 0001:00023ba0       _SP_monster_boss3_stand    20024ba0 f   m_boss3.obj
 0001:00023c90       _jorg_search               20024c90 f   m_boss31.obj
 0001:00023d50       _jorg_idle                 20024d50 f   m_boss31.obj
 0001:00023d80       _jorg_death_hit            20024d80 f   m_boss31.obj
 0001:00023db0       _jorg_step_left            20024db0 f   m_boss31.obj
 0001:00023de0       _jorg_step_right           20024de0 f   m_boss31.obj
 0001:00023e10       _jorg_stand                20024e10 f   m_boss31.obj
 0001:00023e30       _jorg_walk                 20024e30 f   m_boss31.obj
 0001:00023e50       _jorg_run                  20024e50 f   m_boss31.obj
 0001:00023e80       _jorg_reattack1            20024e80 f   m_boss31.obj
 0001:00023f10       _jorg_attack1              20024f10 f   m_boss31.obj
 0001:00023f30       _jorg_pain                 20024f30 f   m_boss31.obj
 0001:00024170       _jorgBFG                   20025170 f   m_boss31.obj
 0001:00024270       _jorg_firebullet_right     20025270 f   m_boss31.obj
 0001:00024350       _jorg_firebullet_left      20025350 f   m_boss31.obj
 0001:00024430       _jorg_firebullet           20025430 f   m_boss31.obj
 0001:00024450       _jorg_attack               20025450 f   m_boss31.obj
 0001:00024550       _jorg_dead                 20025550 f   m_boss31.obj
 0001:00024560       _jorg_die                  20025560 f   m_boss31.obj
 0001:000245d0       _Jorg_CheckAttack          200255d0 f   m_boss31.obj
 0001:000248e0       _SP_monster_jorg           200258e0 f   m_boss31.obj
 0001:00024b80       _makron_taunt              20025b80 f   m_boss32.obj
 0001:00024c40       _makron_stand              20025c40 f   m_boss32.obj
 0001:00024c60       _makron_hit                20025c60 f   m_boss32.obj
 0001:00024c90       _makron_popup              20025c90 f   m_boss32.obj
 0001:00024cc0       _makron_step_left          20025cc0 f   m_boss32.obj
 0001:00024cf0       _makron_step_right         20025cf0 f   m_boss32.obj
 0001:00024d20       _makron_brainsplorch       20025d20 f   m_boss32.obj
 0001:00024d50       _makron_prerailgun         20025d50 f   m_boss32.obj
 0001:00024d80       _makron_walk               20025d80 f   m_boss32.obj
 0001:00024da0       _makron_run                20025da0 f   m_boss32.obj
 0001:00024dd0       _makronBFG                 20025dd0 f   m_boss32.obj
 0001:00024ed0       _MakronSaveloc             20025ed0 f   m_boss32.obj
 0001:00024f40       _MakronRailgun             20025f40 f   m_boss32.obj
 0001:00024fe0       _MakronHyperblaster        20025fe0 f   m_boss32.obj
 0001:00025140       _makron_pain               20026140 f   m_boss32.obj
 0001:00025330       _makron_sight              20026330 f   m_boss32.obj
 0001:00025350       _makron_attack             20026350 f   m_boss32.obj
 0001:00025410       _makron_torso_think        20026410 f   m_boss32.obj
 0001:00025470       _makron_torso              20026470 f   m_boss32.obj
 0001:00025550       _makron_dead               20026550 f   m_boss32.obj
 0001:000255f0       _makron_die                200265f0 f   m_boss32.obj
 0001:000257b0       _Makron_CheckAttack        200267b0 f   m_boss32.obj
 0001:00025ac0       _MakronPrecache            20026ac0 f   m_boss32.obj
 0001:00025be0       _SP_monster_makron         20026be0 f   m_boss32.obj
 0001:00025d70       _MakronSpawn               20026d70 f   m_boss32.obj
 0001:00025e30       _MakronToss                20026e30 f   m_boss32.obj
 0001:00025ea0       _brain_sight               20026ea0 f   m_brain.obj
 0001:00025ed0       _brain_search              20026ed0 f   m_brain.obj
 0001:00025f00       _brain_stand               20026f00 f   m_brain.obj
 0001:00025f20       _brain_idle                20026f20 f   m_brain.obj
 0001:00025f60       _brain_walk                20026f60 f   m_brain.obj
 0001:00025f80       _brain_duck_down           20026f80 f   m_brain.obj
 0001:00025ff0       _brain_duck_hold           20026ff0 f   m_brain.obj
 0001:00026040       _brain_duck_up             20027040 f   m_brain.obj
 0001:00026090       _brain_dodge               20027090 f   m_brain.obj
 0001:00026100       _brain_swing_right         20027100 f   m_brain.obj
 0001:00026130       _brain_hit_right           20027130 f   m_brain.obj
 0001:000261b0       _brain_swing_left          200271b0 f   m_brain.obj
 0001:000261e0       _brain_hit_left            200271e0 f   m_brain.obj
 0001:00026260       _brain_chest_open          20027260 f   m_brain.obj
 0001:000262c0       _brain_tentacle_attack     200272c0 f   m_brain.obj
 0001:00026360       _brain_chest_closed        20027360 f   m_brain.obj
 0001:000263b0       _brain_melee               200273b0 f   m_brain.obj
 0001:00026400       _brain_run                 20027400 f   m_brain.obj
 0001:00026440       _brain_pain                20027440 f   m_brain.obj
 0001:000265a0       _brain_dead                200275a0 f   m_brain.obj
 0001:00026640       _brain_die                 20027640 f   m_brain.obj
 0001:000267d0       _SP_monster_brain          200277d0 f   m_brain.obj
 0001:00026a60       _ChickMoan                 20027a60 f   m_chick.obj
 0001:00026af0       _chick_fidget              20027af0 f   m_chick.obj
 0001:00026b40       _chick_stand               20027b40 f   m_chick.obj
 0001:00026b60       _chick_walk                20027b60 f   m_chick.obj
 0001:00026b80       _chick_run                 20027b80 f   m_chick.obj
 0001:00026be0       _chick_pain                20027be0 f   m_chick.obj
 0001:00026d50       _chick_dead                20027d50 f   m_chick.obj
 0001:00026df0       _chick_die                 20027df0 f   m_chick.obj
 0001:00026f80       _chick_duck_down           20027f80 f   m_chick.obj
 0001:00027000       _chick_duck_hold           20028000 f   m_chick.obj
 0001:00027050       _chick_duck_up             20028050 f   m_chick.obj
 0001:000270a0       _chick_dodge               200280a0 f   m_chick.obj
 0001:00027100       _ChickSlash                20028100 f   m_chick.obj
 0001:00027180       _ChickRocket               20028180 f   m_chick.obj
 0001:00027250       _Chick_PreAttack1          20028250 f   m_chick.obj
 0001:00027280       _ChickReload               20028280 f   m_chick.obj
 0001:000272b0       _chick_rerocket            200282b0 f   m_chick.obj
 0001:00027340       _chick_attack1             20028340 f   m_chick.obj
 0001:00027360       _chick_reslash             20028360 f   m_chick.obj
 0001:000273f0       _chick_slash               200283f0 f   m_chick.obj
 0001:00027410       _chick_melee               20028410 f   m_chick.obj
 0001:00027430       _chick_attack              20028430 f   m_chick.obj
 0001:00027450       _chick_sight               20028450 f   m_chick.obj
 0001:00027480       _SP_monster_chick          20028480 f   m_chick.obj
 0001:00027700       _flipper_stand             20028700 f   m_flipper.obj
 0001:00027720       _flipper_run_loop          20028720 f   m_flipper.obj
 0001:00027740       _flipper_run               20028740 f   m_flipper.obj
 0001:00027760       _flipper_walk              20028760 f   m_flipper.obj
 0001:00027780       _flipper_start_run         20028780 f   m_flipper.obj
 0001:000277a0       _flipper_bite              200287a0 f   m_flipper.obj
 0001:000277e0       _flipper_preattack         200287e0 f   m_flipper.obj
 0001:00027810       _flipper_melee             20028810 f   m_flipper.obj
 0001:00027830       _flipper_pain              20028830 f   m_flipper.obj
 0001:00027930       _flipper_dead              20028930 f   m_flipper.obj
 0001:000279d0       _flipper_sight             200289d0 f   m_flipper.obj
 0001:00027a00       _flipper_die               20028a00 f   m_flipper.obj
 0001:00027b40       _SP_monster_flipper        20028b40 f   m_flipper.obj
 0001:00027d40       _floater_sight             20028d40 f   m_float.obj
 0001:00027d70       _floater_idle              20028d70 f   m_float.obj
 0001:00027da0       _floater_fire_blaster      20028da0 f   m_float.obj
 0001:00027e90       _floater_stand             20028e90 f   m_float.obj
 0001:00027ee0       _floater_run               20028ee0 f   m_float.obj
 0001:00027f10       _floater_walk              20028f10 f   m_float.obj
 0001:00027f30       _floater_wham              20028f30 f   m_float.obj
 0001:00027f80       _floater_zap               20028f80 f   m_float.obj
 0001:000280e0       _floater_attack            200290e0 f   m_float.obj
 0001:00028100       _floater_melee             20029100 f   m_float.obj
 0001:00028150       _floater_pain              20029150 f   m_float.obj
 0001:00028250       _floater_dead              20029250 f   m_float.obj
 0001:000282f0       _floater_die               200292f0 f   m_float.obj
 0001:00028330       _SP_monster_floater        20029330 f   m_float.obj
 0001:00028590       _flyer_sight               20029590 f   m_flyer.obj
 0001:000285c0       _flyer_idle                200295c0 f   m_flyer.obj
 0001:000285f0       _flyer_pop_blades          200295f0 f   m_flyer.obj
 0001:00028620       _flyer_run                 20029620 f   m_flyer.obj
 0001:00028650       _flyer_walk                20029650 f   m_flyer.obj
 0001:00028670       _flyer_stand               20029670 f   m_flyer.obj
 0001:00028690       _flyer_stop                20029690 f   m_flyer.obj
 0001:000286b0       _flyer_start               200296b0 f   m_flyer.obj
 0001:000286d0       _flyer_fire                200296d0 f   m_flyer.obj
 0001:000287d0       _flyer_fireleft            200297d0 f   m_flyer.obj
 0001:000287f0       _flyer_fireright           200297f0 f   m_flyer.obj
 0001:00028810       _flyer_slash_left          20029810 f   m_flyer.obj
 0001:00028870       _flyer_slash_right         20029870 f   m_flyer.obj
 0001:000288d0       _flyer_loop_melee          200298d0 f   m_flyer.obj
 0001:000288f0       _flyer_attack              200298f0 f   m_flyer.obj
 0001:00028910       _flyer_setstart            20029910 f   m_flyer.obj
 0001:00028930       _flyer_nextmove            20029930 f   m_flyer.obj
 0001:00028980       _flyer_melee               20029980 f   m_flyer.obj
 0001:000289a0       _flyer_check_melee         200299a0 f   m_flyer.obj
 0001:00028a10       _flyer_pain                20029a10 f   m_flyer.obj
 0001:00028b50       _flyer_die                 20029b50 f   m_flyer.obj
 0001:00028b90       _SP_monster_flyer          20029b90 f   m_flyer.obj
 0001:00028dd0       _gladiator_idle            20029dd0 f   m_gladiator.obj
 0001:00028e00       _gladiator_sight           20029e00 f   m_gladiator.obj
 0001:00028e30       _gladiator_search          20029e30 f   m_gladiator.obj
 0001:00028e60       _gladiator_cleaver_swing   20029e60 f   m_gladiator.obj
 0001:00028e90       _gladiator_stand           20029e90 f   m_gladiator.obj
 0001:00028eb0       _gladiator_walk            20029eb0 f   m_gladiator.obj
 0001:00028ed0       _gladiator_run             20029ed0 f   m_gladiator.obj
 0001:00028f00       _GaldiatorMelee            20029f00 f   m_gladiator.obj
 0001:00028fb0       _gladiator_melee           20029fb0 f   m_gladiator.obj
 0001:00028fd0       _GladiatorGun              20029fd0 f   m_gladiator.obj
 0001:00029070       _gladiator_attack          2002a070 f   m_gladiator.obj
 0001:00029180       _gladiator_pain            2002a180 f   m_gladiator.obj
 0001:000292d0       _gladiator_dead            2002a2d0 f   m_gladiator.obj
 0001:00029370       _gladiator_die             2002a370 f   m_gladiator.obj
 0001:000294b0       _SP_monster_gladiator      2002a4b0 f   m_gladiator.obj
 0001:000296f0       _gunner_idlesound          2002a6f0 f   m_gunner.obj
 0001:00029720       _gunner_sight              2002a720 f   m_gunner.obj
 0001:00029750       _gunner_search             2002a750 f   m_gunner.obj
 0001:00029780       _gunner_fidget             2002a780 f   m_gunner.obj
 0001:000297d0       _gunner_stand              2002a7d0 f   m_gunner.obj
 0001:000297f0       _gunner_walk               2002a7f0 f   m_gunner.obj
 0001:00029810       _gunner_run                2002a810 f   m_gunner.obj
 0001:00029840       _gunner_runandshoot        2002a840 f   m_gunner.obj
 0001:00029860       _gunner_pain               2002a860 f   m_gunner.obj
 0001:00029970       _gunner_dead               2002a970 f   m_gunner.obj
 0001:00029a10       _gunner_die                2002aa10 f   m_gunner.obj
 0001:00029b50       _gunner_duck_down          2002ab50 f   m_gunner.obj
 0001:00029c20       _gunner_duck_hold          2002ac20 f   m_gunner.obj
 0001:00029c70       _gunner_duck_up            2002ac70 f   m_gunner.obj
 0001:00029cc0       _gunner_dodge              2002acc0 f   m_gunner.obj
 0001:00029d20       _gunner_opengun            2002ad20 f   m_gunner.obj
 0001:00029d50       _GunnerFire                2002ad50 f   m_gunner.obj
 0001:00029e70       _GunnerGrenade             2002ae70 f   m_gunner.obj
 0001:00029f30       _gunner_attack             2002af30 f   m_gunner.obj
 0001:00029fa0       _gunner_fire_chain         2002afa0 f   m_gunner.obj
 0001:00029fc0       _gunner_refire_chain       2002afc0 f   m_gunner.obj
 0001:0002a040       _SP_monster_gunner         2002b040 f   m_gunner.obj
 0001:0002a250       _hover_sight               2002b250 f   m_hover.obj
 0001:0002a280       _hover_search              2002b280 f   m_hover.obj
 0001:0002a300       _hover_reattack            2002b300 f   m_hover.obj
 0001:0002a380       _hover_fire_blaster        2002b380 f   m_hover.obj
 0001:0002a460       _hover_stand               2002b460 f   m_hover.obj
 0001:0002a480       _hover_run                 2002b480 f   m_hover.obj
 0001:0002a4b0       _hover_walk                2002b4b0 f   m_hover.obj
 0001:0002a4d0       _hover_start_attack        2002b4d0 f   m_hover.obj
 0001:0002a4f0       _hover_attack              2002b4f0 f   m_hover.obj
 0001:0002a510       _hover_pain                2002b510 f   m_hover.obj
 0001:0002a660       _hover_deadthink           2002b660 f   m_hover.obj
 0001:0002a6b0       _hover_dead                2002b6b0 f   m_hover.obj
 0001:0002a760       _hover_die                 2002b760 f   m_hover.obj
 0001:0002a8f0       _SP_monster_hover          2002b8f0 f   m_hover.obj
 0001:0002aaf0       _infantry_stand            2002baf0 f   m_infantry.obj
 0001:0002ab10       _infantry_fidget           2002bb10 f   m_infantry.obj
 0001:0002ab50       _infantry_walk             2002bb50 f   m_infantry.obj
 0001:0002ab70       _infantry_run              2002bb70 f   m_infantry.obj
 0001:0002aba0       _infantry_pain             2002bba0 f   m_infantry.obj
 0001:0002aca0       _InfantryMachineGun        2002bca0 f   m_infantry.obj
 0001:0002ae70       _infantry_sight            2002be70 f   m_infantry.obj
 0001:0002aea0       _infantry_dead             2002bea0 f   m_infantry.obj
 0001:0002af40       _infantry_die              2002bf40 f   m_infantry.obj
 0001:0002b110       _infantry_duck_down        2002c110 f   m_infantry.obj
 0001:0002b190       _infantry_duck_hold        2002c190 f   m_infantry.obj
 0001:0002b1e0       _infantry_duck_up          2002c1e0 f   m_infantry.obj
 0001:0002b230       _infantry_dodge            2002c230 f   m_infantry.obj
 0001:0002b290       _infantry_cock_gun         2002c290 f   m_infantry.obj
 0001:0002b2f0       _infantry_fire             2002c2f0 f   m_infantry.obj
 0001:0002b350       _infantry_swing            2002c350 f   m_infantry.obj
 0001:0002b380       _infantry_smack            2002c380 f   m_infantry.obj
 0001:0002b3f0       _infantry_attack           2002c3f0 f   m_infantry.obj
 0001:0002b430       _SP_monster_infantry       2002c430 f   m_infantry.obj
 0001:0002b670       _insane_fist               2002c670 f   m_insane.obj
 0001:0002b6a0       _insane_shake              2002c6a0 f   m_insane.obj
 0001:0002b6d0       _insane_moan               2002c6d0 f   m_insane.obj
 0001:0002b700       _insane_scream             2002c700 f   m_insane.obj
 0001:0002b750       _insane_cross              2002c750 f   m_insane.obj
 0001:0002b7a0       _insane_walk               2002c7a0 f   m_insane.obj
 0001:0002b830       _insane_run                2002c830 f   m_insane.obj
 0001:0002b8c0       _insane_pain               2002c8c0 f   m_insane.obj
 0001:0002ba20       _insane_onground           2002ca20 f   m_insane.obj
 0001:0002ba40       _insane_checkdown          2002ca40 f   m_insane.obj
 0001:0002bac0       _insane_checkup            2002cac0 f   m_insane.obj
 0001:0002bb20       _insane_stand              2002cb20 f   m_insane.obj
 0001:0002bbd0       _insane_dead               2002cbd0 f   m_insane.obj
 0001:0002bc90       _insane_die                2002cc90 f   m_insane.obj
 0001:0002be60       _SP_misc_insane            2002ce60 f   m_insane.obj
 0001:0002c190       _medic_FindDeadMonster     2002d190 f   m_medic.obj
 0001:0002c290       _medic_idle                2002d290 f   m_medic.obj
 0001:0002c320       _medic_search              2002d320 f   m_medic.obj
 0001:0002c3d0       _medic_sight               2002d3d0 f   m_medic.obj
 0001:0002c400       _medic_stand               2002d400 f   m_medic.obj
 0001:0002c420       _medic_walk                2002d420 f   m_medic.obj
 0001:0002c440       _medic_run                 2002d440 f   m_medic.obj
 0001:0002c4f0       _medic_pain                2002d4f0 f   m_medic.obj
 0001:0002c600       _medic_fire_blaster        2002d600 f   m_medic.obj
 0001:0002c730       _medic_dead                2002d730 f   m_medic.obj
 0001:0002c7d0       _medic_die                 2002d7d0 f   m_medic.obj
 0001:0002c940       _medic_duck_down           2002d940 f   m_medic.obj
 0001:0002c9c0       _medic_duck_hold           2002d9c0 f   m_medic.obj
 0001:0002ca10       _medic_duck_up             2002da10 f   m_medic.obj
 0001:0002ca60       _medic_dodge               2002da60 f   m_medic.obj
 0001:0002cac0       _medic_continue            2002dac0 f   m_medic.obj
 0001:0002cb20       _medic_hook_launch         2002db20 f   m_medic.obj
 0001:0002cb50       _medic_cable_attack        2002db50 f   m_medic.obj
 0001:0002cff0       _medic_hook_retract        2002dff0 f   m_medic.obj
 0001:0002d040       _medic_attack              2002e040 f   m_medic.obj
 0001:0002d080       _medic_checkattack         2002e080 f   m_medic.obj
 0001:0002d0c0       _SP_monster_medic          2002e0c0 f   m_medic.obj
 0001:0002d310       _M_CheckBottom             2002e310 f   m_move.obj
 0001:0002d630       _SV_movestep               2002e630 f   m_move.obj
 0001:0002dc30       _M_ChangeYaw               2002ec30 f   m_move.obj
 0001:0002dd30       _SV_StepDirection          2002ed30 f   m_move.obj
 0001:0002de60       _SV_FixCheckBottom         2002ee60 f   m_move.obj
 0001:0002de80       _SV_NewChaseDir            2002ee80 f   m_move.obj
 0001:0002e250       _SV_CloseEnough            2002f250 f   m_move.obj
 0001:0002e2d0       _M_MoveToGoal              2002f2d0 f   m_move.obj
 0001:0002e390       _M_walkmove                2002f390 f   m_move.obj
 0001:0002e420       _mutant_step               2002f420 f   m_mutant.obj
 0001:0002e4d0       _mutant_sight              2002f4d0 f   m_mutant.obj
 0001:0002e500       _mutant_search             2002f500 f   m_mutant.obj
 0001:0002e530       _mutant_swing              2002f530 f   m_mutant.obj
 0001:0002e560       _mutant_stand              2002f560 f   m_mutant.obj
 0001:0002e580       _mutant_idle_loop          2002f580 f   m_mutant.obj
 0001:0002e5c0       _mutant_idle               2002f5c0 f   m_mutant.obj
 0001:0002e600       _mutant_walk_loop          2002f600 f   m_mutant.obj
 0001:0002e620       _mutant_walk               2002f620 f   m_mutant.obj
 0001:0002e640       _mutant_run                2002f640 f   m_mutant.obj
 0001:0002e670       _mutant_hit_left           2002f670 f   m_mutant.obj
 0001:0002e710       _mutant_hit_right          2002f710 f   m_mutant.obj
 0001:0002e7b0       _mutant_check_refire       2002f7b0 f   m_mutant.obj
 0001:0002e850       _mutant_melee              2002f850 f   m_mutant.obj
 0001:0002e870       _mutant_jump_touch         2002f870 f   m_mutant.obj
 0001:0002e9d0       _mutant_jump_takeoff       2002f9d0 f   m_mutant.obj
 0001:0002eaa0       _mutant_check_landing      2002faa0 f   m_mutant.obj
 0001:0002eb40       _mutant_jump               2002fb40 f   m_mutant.obj
 0001:0002eb60       _mutant_check_melee        2002fb60 f   m_mutant.obj
 0001:0002eb90       _mutant_check_jump         2002fb90 f   m_mutant.obj
 0001:0002ecb0       _mutant_checkattack        2002fcb0 f   m_mutant.obj
 0001:0002ed30       _mutant_pain               2002fd30 f   m_mutant.obj
 0001:0002ee90       _mutant_dead               2002fe90 f   m_mutant.obj
 0001:0002ef30       _mutant_die                2002ff30 f   m_mutant.obj
 0001:0002f0b0       _SP_monster_mutant         200300b0 f   m_mutant.obj
 0001:0002f330       _parasite_launch           20030330 f   m_parasite.obj
 0001:0002f360       _parasite_reel_in          20030360 f   m_parasite.obj
 0001:0002f390       _parasite_sight            20030390 f   m_parasite.obj
 0001:0002f3c0       _parasite_tap              200303c0 f   m_parasite.obj
 0001:0002f3f0       _parasite_scratch          200303f0 f   m_parasite.obj
 0001:0002f420       _parasite_search           20030420 f   m_parasite.obj
 0001:0002f450       _parasite_end_fidget       20030450 f   m_parasite.obj
 0001:0002f470       _parasite_do_fidget        20030470 f   m_parasite.obj
 0001:0002f490       _parasite_refidget         20030490 f   m_parasite.obj
 0001:0002f4e0       _parasite_idle             200304e0 f   m_parasite.obj
 0001:0002f500       _parasite_stand            20030500 f   m_parasite.obj
 0001:0002f520       _parasite_start_run        20030520 f   m_parasite.obj
 0001:0002f550       _parasite_run              20030550 f   m_parasite.obj
 0001:0002f580       _parasite_start_walk       20030580 f   m_parasite.obj
 0001:0002f5a0       _parasite_walk             200305a0 f   m_parasite.obj
 0001:0002f5c0       _parasite_pain             200305c0 f   m_parasite.obj
 0001:0002f6c0       _parasite_drain_attack     200306c0 f   m_parasite.obj
 0001:0002fa50       _parasite_attack           20030a50 f   m_parasite.obj
 0001:0002fa70       _parasite_dead             20030a70 f   m_parasite.obj
 0001:0002fb10       _parasite_die              20030b10 f   m_parasite.obj
 0001:0002fc50       _SP_monster_parasite       20030c50 f   m_parasite.obj
 0001:0002fe70       _soldier_idle              20030e70 f   m_soldier.obj
 0001:0002fed0       _soldier_cock              20030ed0 f   m_soldier.obj
 0001:0002ff40       _soldier_stand             20030f40 f   m_soldier.obj
 0001:0002ffa0       _soldier_walk1_random      20030fa0 f   m_soldier.obj
 0001:0002ffe0       _soldier_walk              20030fe0 f   m_soldier.obj
 0001:00030030       _soldier_run               20031030 f   m_soldier.obj
 0001:000300a0       _soldier_pain              200310a0 f   m_soldier.obj
 0001:00030290       _soldier_fire              20031290 f   m_soldier.obj
 0001:000305b0       _soldier_fire1             200315b0 f   m_soldier.obj
 0001:000305d0       _soldier_attack1_refire1   200315d0 f   m_soldier.obj
 0001:00030670       _soldier_attack1_refire2   20031670 f   m_soldier.obj
 0001:00030700       _soldier_fire2             20031700 f   m_soldier.obj
 0001:00030720       _soldier_attack2_refire1   20031720 f   m_soldier.obj
 0001:000307c0       _soldier_attack2_refire2   200317c0 f   m_soldier.obj
 0001:00030850       _soldier_duck_down         20031850 f   m_soldier.obj
 0001:000308d0       _soldier_duck_up           200318d0 f   m_soldier.obj
 0001:00030920       _soldier_fire3             20031920 f   m_soldier.obj
 0001:00030940       _soldier_attack3_refire    20031940 f   m_soldier.obj
 0001:00030970       _soldier_fire4             20031970 f   m_soldier.obj
 0001:00030990       _soldier_fire8             20031990 f   m_soldier.obj
 0001:000309b0       _soldier_attack6_refire    200319b0 f   m_soldier.obj
 0001:00030a10       _soldier_attack            20031a10 f   m_soldier.obj
 0001:00030a70       _soldier_sight             20031a70 f   m_soldier.obj
 0001:00030b50       _soldier_duck_hold         20031b50 f   m_soldier.obj
 0001:00030ba0       _soldier_dodge             20031ba0 f   m_soldier.obj
 0001:00030ce0       _soldier_fire6             20031ce0 f   m_soldier.obj
 0001:00030d00       _soldier_fire7             20031d00 f   m_soldier.obj
 0001:00030d20       _soldier_dead              20031d20 f   m_soldier.obj
 0001:00030dc0       _soldier_die               20031dc0 f   m_soldier.obj
 0001:00031000       _SP_monster_soldier_x      20032000 f   m_soldier.obj
 0001:000311a0       _SP_monster_soldier_light  200321a0 f   m_soldier.obj
 0001:00031230       _SP_monster_soldier        20032230 f   m_soldier.obj
 0001:000312a0       _SP_monster_soldier_ss     200322a0 f   m_soldier.obj
 0001:00031310       _TreadSound                20032310 f   m_supertank.obj
 0001:00031340       _supertank_search          20032340 f   m_supertank.obj
 0001:000313c0       _supertank_stand           200323c0 f   m_supertank.obj
 0001:000313e0       _supertank_forward         200323e0 f   m_supertank.obj
 0001:00031400       _supertank_walk            20032400 f   m_supertank.obj
 0001:00031420       _supertank_run             20032420 f   m_supertank.obj
 0001:00031450       _supertank_reattack1       20032450 f   m_supertank.obj
 0001:000314c0       _supertank_pain            200324c0 f   m_supertank.obj
 0001:00031640       _supertankRocket           20032640 f   m_supertank.obj
 0001:00031740       _supertankMachineGun       20032740 f   m_supertank.obj
 0001:00031870       _supertank_attack          20032870 f   m_supertank.obj
 0001:00031930       _supertank_dead            20032930 f   m_supertank.obj
 0001:000319d0       _BossExplode               200329d0 f   m_supertank.obj
 0001:00031c60       _supertank_die             20032c60 f   m_supertank.obj
 0001:00031cc0       _SP_monster_supertank      20032cc0 f   m_supertank.obj
 0001:00031eb0       _tank_sight                20032eb0 f   m_tank.obj
 0001:00031ee0       _tank_footstep             20032ee0 f   m_tank.obj
 0001:00031f10       _tank_thud                 20032f10 f   m_tank.obj
 0001:00031f40       _tank_windup               20032f40 f   m_tank.obj
 0001:00031f70       _tank_idle                 20032f70 f   m_tank.obj
 0001:00031fa0       _tank_stand                20032fa0 f   m_tank.obj
 0001:00031fc0       _tank_walk                 20032fc0 f   m_tank.obj
 0001:00031fe0       _tank_run                  20032fe0 f   m_tank.obj
 0001:00032090       _tank_pain                 20033090 f   m_tank.obj
 0001:000321f0       _TankBlaster               200331f0 f   m_tank.obj
 0001:000322f0       _TankStrike                200332f0 f   m_tank.obj
 0001:00032320       _TankRocket                20033320 f   m_tank.obj
 0001:00032430       _TankMachineGun            20033430 f   m_tank.obj
 0001:000325a0       _tank_reattack_blaster     200335a0 f   m_tank.obj
 0001:00032630       _tank_poststrike           20033630 f   m_tank.obj
 0001:00032650       _tank_refire_rocket        20033650 f   m_tank.obj
 0001:000326e0       _tank_doattack_rocket      200336e0 f   m_tank.obj
 0001:00032700       _tank_attack               20033700 f   m_tank.obj
 0001:00032890       _tank_dead                 20033890 f   m_tank.obj
 0001:00032930       _tank_die                  20033930 f   m_tank.obj
 0001:00032a80       _SP_monster_tank           20033a80 f   m_tank.obj
 0001:00032d40       _SP_info_player_start      20033d40 f   p_client.obj
 0001:00032ec0       _SP_info_player_deathmatch 20033ec0 f   p_client.obj
 0001:00032f00       _SP_info_player_coop       20033f00 f   p_client.obj
 0001:00033190       _SP_info_player_intermission 20034190 f   p_client.obj
 0001:000331a0       _player_pain               200341a0 f   p_client.obj
 0001:000331b0       _IsFemale                  200341b0 f   p_client.obj
 0001:00033210       _IsNeutral                 20034210 f   p_client.obj
 0001:00033280       _ClientObituary            20034280 f   p_client.obj
 0001:00033810       _TossClientWeapon          20034810 f   p_client.obj
 0001:00033a20       _LookAtKiller              20034a20 f   p_client.obj
 0001:00033ba0       _player_die                20034ba0 f   p_client.obj
 0001:00033f60       _InitClientPersistant      20034f60 f   p_client.obj
 0001:00034050       _InitClientResp            20035050 f   p_client.obj
 0001:000340a0       _SaveClientData            200350a0 f   p_client.obj
 0001:00034190       _FetchClientEntData        20035190 f   p_client.obj
 0001:00034210       _PlayersRangeFromSpot      20035210 f   p_client.obj
 0001:000342e0       _SelectRandomDeathmatchSpawnPoint 200352e0 f   p_client.obj
 0001:00034410       _SelectFarthestDeathmatchSpawnPoint 20035410 f   p_client.obj
 0001:000344a0       _SelectDeathmatchSpawnPoint 200354a0 f   p_client.obj
 0001:000344d0       _SelectCoopSpawnPoint      200354d0 f   p_client.obj
 0001:00034580       _SelectSpawnPoint          20035580 f   p_client.obj
 0001:000346f0       _InitBodyQue               200356f0 f   p_client.obj
 0001:00034740       _body_die                  20035740 f   p_client.obj
 0001:000347f0       _CopyToBodyQue             200357f0 f   p_client.obj
 0001:00034a10       _respawn                   20035a10 f   p_client.obj
 0001:00034ac0       _spectator_respawn         20035ac0 f   p_client.obj
 0001:00034e20       _PutClientInServer         20035e20 f   p_client.obj
 0001:00035640       _ClientBeginDeathmatch     20036640 f   p_client.obj
 0001:00035700       _ClientBegin               20036700 f   p_client.obj
 0001:00035880       _ClientUserinfoChanged     20036880 f   p_client.obj
 0001:00035ab0       _ClientConnect             20036ab0 f   p_client.obj
 0001:00035da0       _ClientDisconnect          20036da0 f   p_client.obj
 0001:00035e90       _PM_trace                  20036e90 f   p_client.obj
 0001:00035f20       _CheckBlock                20036f20 f   p_client.obj
 0001:00035f60       _PrintPmove                20036f60 f   p_client.obj
 0001:00035fb0       _ClientThink               20036fb0 f   p_client.obj
 0001:000367e0       _ClientBeginServerFrame    200377e0 f   p_client.obj
 0001:00036980       _MoveClientToIntermission  20037980 f   p_hud.obj
 0001:00036ba0       _BeginIntermission         20037ba0 f   p_hud.obj
 0001:00036e90       _DeathmatchScoreboardMessage 20037e90 f   p_hud.obj
 0001:000372d0       _DeathmatchScoreboard      200382d0 f   p_hud.obj
 0001:00037300       _Cmd_Score_f               20038300 f   p_hud.obj
 0001:00037390       _HelpComputer              20038390 f   p_hud.obj
 0001:000374b0       _Cmd_Help_f                200384b0 f   p_hud.obj
 0001:00037560       _G_SetStats                20038560 f   p_hud.obj
 0001:00037bb0       _G_CheckChaseStats         20038bb0 f   p_hud.obj
 0001:00037c60       _G_SetSpectatorStats       20038c60 f   p_hud.obj
 0001:00037d70       _PlayerTrail_Init          20038d70 f   p_trail.obj
 0001:00037de0       _PlayerTrail_Add           20038de0 f   p_trail.obj
 0001:00037ee0       _PlayerTrail_New           20038ee0 f   p_trail.obj
 0001:00037f10       _PlayerTrail_PickFirst     20038f10 f   p_trail.obj
 0001:00037ff0       _PlayerTrail_PickNext      20038ff0 f   p_trail.obj
 0001:00038070       _PlayerTrail_LastSpot      20039070 f   p_trail.obj
 0001:00038090       _SV_CalcRoll               20039090 f   p_view.obj
 0001:00038150       _P_DamageFeedback          20039150 f   p_view.obj
 0001:000386e0       _SV_CalcViewOffset         200396e0 f   p_view.obj
 0001:00038b20       _SV_CalcGunOffset          20039b20 f   p_view.obj
 0001:00038d70       _SV_AddBlend               20039d70 f   p_view.obj
 0001:00038e10       _SV_CalcBlend              20039e10 f   p_view.obj
 0001:000393a0       _P_FallingDamage           2003a3a0 f   p_view.obj
 0001:00039620       _P_WorldEffects            2003a620 f   p_view.obj
 0001:00039e60       _G_SetClientEffects        2003ae60 f   p_view.obj
 0001:00039ff0       _G_SetClientEvent          2003aff0 f   p_view.obj
 0001:0003a050       _G_SetClientSound          2003b050 f   p_view.obj
 0001:0003a1e0       _G_SetClientFrame          2003b1e0 f   p_view.obj
 0001:0003a430       _ClientEndServerFrame      2003b430 f   p_view.obj
 0001:0003a900       _PlayerNoise               2003b900 f   p_weapon.obj
 0001:0003abc0       _Pickup_Weapon             2003bbc0 f   p_weapon.obj
 0001:0003ade0       _ChangeWeapon              2003bde0 f   p_weapon.obj
 0001:0003b010       _NoAmmoWeaponChange        2003c010 f   p_weapon.obj
 0001:0003b2e0       _Think_Weapon              2003c2e0 f   p_weapon.obj
 0001:0003b3a0       _Use_Weapon                2003c3a0 f   p_weapon.obj
 0001:0003b4a0       _Drop_Weapon               2003c4a0 f   p_weapon.obj
 0001:0003b550       _Weapon_Generic            2003c550 f   p_weapon.obj
 0001:0003ba10       _weapon_grenade_fire       2003ca10 f   p_weapon.obj
 0001:0003bc70       _Weapon_Grenade            2003cc70 f   p_weapon.obj
 0001:0003c050       _weapon_grenadelauncher_fire 2003d050 f   p_weapon.obj
 0001:0003c210       _Weapon_GrenadeLauncher    2003d210 f   p_weapon.obj
 0001:0003c240       _Weapon_RocketLauncher_Fire 2003d240 f   p_weapon.obj
 0001:0003c430       _Weapon_RocketLauncher     2003d430 f   p_weapon.obj
 0001:0003c460       _Blaster_Fire              2003d460 f   p_weapon.obj
 0001:0003c5e0       _Weapon_Blaster_Fire       2003d5e0 f   p_weapon.obj
 0001:0003c640       _Weapon_Blaster            2003d640 f   p_weapon.obj
 0001:0003c670       _Weapon_HyperBlaster_Fire  2003d670 f   p_weapon.obj
 0001:0003c950       _Weapon_HyperBlaster       2003d950 f   p_weapon.obj
 0001:0003c980       _Machinegun_Fire           2003d980 f   p_weapon.obj
 0001:0003ce00       _Weapon_Machinegun         2003de00 f   p_weapon.obj
 0001:0003ce30       _Chaingun_Fire             2003de30 f   p_weapon.obj
 0001:0003d380       _Weapon_Chaingun           2003e380 f   p_weapon.obj
 0001:0003d3b0       _weapon_shotgun_fire       2003e3b0 f   p_weapon.obj
 0001:0003d5d0       _Weapon_Shotgun            2003e5d0 f   p_weapon.obj
 0001:0003d600       _weapon_supershotgun_fire  2003e600 f   p_weapon.obj
 0001:0003d850       _Weapon_SuperShotgun       2003e850 f   p_weapon.obj
 0001:0003d880       _weapon_railgun_fire       2003e880 f   p_weapon.obj
 0001:0003da50       _Weapon_Railgun            2003ea50 f   p_weapon.obj
 0001:0003da80       _weapon_bfg_fire           2003ea80 f   p_weapon.obj
 0001:0003dd10       _Weapon_BFG                2003ed10 f   p_weapon.obj
 0001:0003dd40       _stuffcmd                  2003ed40 f   q_devels.obj
 0001:0003dd70       _ent_by_name               2003ed70 f   q_devels.obj
 0001:0003dde0       _centerprint_all           2003ede0 f   q_devels.obj
 0001:0003de50       _random_player             2003ee50 f   q_devels.obj
 0001:0003df50       _RotatePointAroundVector   2003ef50 f   q_shared.obj
 0001:0003e1a0       _AngleVectors              2003f1a0 f   q_shared.obj
 0001:0003e390       _ProjectPointOnPlane       2003f390 f   q_shared.obj
 0001:0003e450       _PerpendicularVector       2003f450 f   q_shared.obj
 0001:0003e500       _R_ConcatRotations         2003f500 f   q_shared.obj
 0001:0003e6a0       _R_ConcatTransforms        2003f6a0 f   q_shared.obj
 0001:0003e8e0       _Q_fabs                    2003f8e0 f   q_shared.obj
 0001:0003e900       _Q_ftol                    2003f900 f   q_shared.obj
 0001:0003e910       _LerpAngle                 2003f910 f   q_shared.obj
 0001:0003e970       _anglemod                  2003f970 f   q_shared.obj
 0001:0003e9a0       _BoxOnPlaneSide2           2003f9a0 f   q_shared.obj
 0001:0003eab0       _BoxOnPlaneSide            2003fab0 f   q_shared.obj
 0001:0003ed30       _ClearBounds               2003fd30 f   q_shared.obj
 0001:0003ed80       _AddPointToBounds          2003fd80 f   q_shared.obj
 0001:0003ee00       _VectorCompare             2003fe00 f   q_shared.obj
 0001:0003ee50       _VectorNormalize           2003fe50 f   q_shared.obj
 0001:0003eee0       _VectorNormalize2          2003fee0 f   q_shared.obj
 0001:0003ef70       _VectorMA                  2003ff70 f   q_shared.obj
 0001:0003efc0       __DotProduct               2003ffc0 f   q_shared.obj
 0001:0003f000       __VectorSubtract           20040000 f   q_shared.obj
 0001:0003f040       __VectorAdd                20040040 f   q_shared.obj
 0001:0003f080       __VectorCopy               20040080 f   q_shared.obj
 0001:0003f0b0       _CrossProduct              200400b0 f   q_shared.obj
 0001:0003f110       _VectorLength              20040110 f   q_shared.obj
 0001:0003f170       _VectorInverse             20040170 f   q_shared.obj
 0001:0003f1a0       _VectorScale               200401a0 f   q_shared.obj
 0001:0003f1d0       _Q_log2                    200401d0 f   q_shared.obj
 0001:0003f200       _COM_SkipPath              20040200 f   q_shared.obj
 0001:0003f240       _COM_StripExtension        20040240 f   q_shared.obj
 0001:0003f280       _COM_FileExtension         20040280 f   q_shared.obj
 0001:0003f310       _COM_FileBase              20040310 f   q_shared.obj
 0001:0003f3c0       _COM_FilePath              200403c0 f   q_shared.obj
 0001:0003f420       _COM_DefaultExtension      20040420 f   q_shared.obj
 0001:0003f480       _BigShort                  20040480 f   q_shared.obj
 0001:0003f4a0       _LittleShort               200404a0 f   q_shared.obj
 0001:0003f4c0       _BigLong                   200404c0 f   q_shared.obj
 0001:0003f4e0       _LittleLong                200404e0 f   q_shared.obj
 0001:0003f500       _BigFloat                  20040500 f   q_shared.obj
 0001:0003f520       _LittleFloat               20040520 f   q_shared.obj
 0001:0003f540       _ShortSwap                 20040540 f   q_shared.obj
 0001:0003f580       _ShortNoSwap               20040580 f   q_shared.obj
 0001:0003f590       _LongSwap                  20040590 f   q_shared.obj
 0001:0003f5f0       _LongNoSwap                200405f0 f   q_shared.obj
 0001:0003f600       _FloatSwap                 20040600 f   q_shared.obj
 0001:0003f630       _FloatNoSwap               20040630 f   q_shared.obj
 0001:0003f640       _Swap_Init                 20040640 f   q_shared.obj
 0001:0003f6f0       _va                        200406f0 f   q_shared.obj
 0001:0003f720       _COM_Parse                 20040720 f   q_shared.obj
 0001:0003f890       _Com_PageInMemory          20040890 f   q_shared.obj
 0001:0003f8d0       _Q_stricmp                 200408d0 f   q_shared.obj
 0001:0003f8f0       _Q_strncasecmp             200408f0 f   q_shared.obj
 0001:0003f980       _Q_strcasecmp              20040980 f   q_shared.obj
 0001:0003f9a0       _Com_sprintf               200409a0 f   q_shared.obj
 0001:0003fa30       _Info_ValueForKey          20040a30 f   q_shared.obj
 0001:0003fba0       _Info_RemoveKey            20040ba0 f   q_shared.obj
 0001:0003fd00       _Info_Validate             20040d00 f   q_shared.obj
 0001:0003fd40       _Info_SetValueForKey       20040d40 f   q_shared.obj
 0001:0003ff40       _Menu_Hlp                  20040f40 f   QMENU.obj
 0001:00040090       _Menu_Msg                  20041090 f   QMENU.obj
 0001:00040440       _Menu_Init                 20041440 f   QMENU.obj
 0001:000404a0       _Menu_Clear                200414a0 f   QMENU.obj
 0001:00040520       _Menu_Add                  20041520 f   QMENU.obj
 0001:000405e0       _Menu_Title                200415e0 f   QMENU.obj
 0001:00040640       _Menu_Open                 20041640 f   QMENU.obj
 0001:000408d0       _Menu_Close                200418d0 f   QMENU.obj
 0001:00040930       _Menu_Up                   20041930 f   QMENU.obj
 0001:000409a0       _Menu_Dn                   200419a0 f   QMENU.obj
 0001:00040a10       _Menu_Sel                  20041a10 f   QMENU.obj
 0001:00040a60       __fpmath                   20041a60 f   LIBCMTD:_fpinit_.obj
 0001:00040a90       __fpclear                  20041a90 f   LIBCMTD:_fpinit_.obj
 0001:00040aa0       __cfltcvt_init             20041aa0 f   LIBCMTD:_fpinit_.obj
 0001:00040b10       ___setfflag                20041b10 f   LIBCMTD:_fpinit_.obj
 0001:00040b30       _srand                     20041b30 f   LIBCMTD:rand.obj
 0001:00040b50       _rand                      20041b50 f   LIBCMTD:rand.obj
 0001:00040b90       @__security_check_cookie@4 20041b90 f   LIBCMTD:secchk.obj
[...]
 0003:00026ca8       _sv_gravity                200d1ca8     <common>
 0003:00026cac       _sv_rollspeed              200d1cac     <common>
 0003:00026cb0       _deathmatch                200d1cb0     <common>
 0003:00026cb4       _maxclients                200d1cb4     <common>
 0003:00026cb8       _coop                      200d1cb8     <common>
 0003:00026cc0       _st                        200d1cc0     <common>
 0003:00026d04       _run_pitch                 200d1d04     <common>
 0003:00026d08       _timelimit                 200d1d08     <common>
 0003:00026d0c       _sv_maplist                200d1d0c     <common>
 0003:00026d10       _dmflags                   200d1d10     <common>
 0003:00026d14       _password                  200d1d14     <common>
 0003:00026d18       _filterban                 200d1d18     <common>
 0003:00026d1c       _skill                     200d1d1c     <common>
 0003:00026d20       _meansOfDeath              200d1d20     <common>
 0003:00026d24       _g_select_empty            200d1d24     <common>
 0003:00026d28       _flood_waitdelay           200d1d28     <common>
 0003:00026d40       _globals                   200d1d40     <common>
 0003:00026d90       _maxentities               200d1d90     <common>
 0003:00026da0       _gi                        200d1da0     <common>
 0003:00026e60       _level                     200d1e60     <common>
 0003:00026fa4       _gun_x                     200d1fa4     <common>
 0003:00026fa8       _enemy_infront             200d1fa8     <common>
 0003:00026fac       _enemy_range               200d1fac     <common>
 0003:00026fb0       _enemy_yaw                 200d1fb0     <common>
 0003:00026fb4       _enemy_vis                 200d1fb4     <common>
 0003:00026fb8       ___sbh_initialized         200d1fb8     <common>
 0003:00026fbc       ___sbh_cntHeaderList       200d1fbc     <common>
 0003:00026fc0       ___sbh_pHeaderList         200d1fc0     <common>
 0003:00026fc4       ___sbh_threshold           200d1fc4     <common>
 0003:00026fc8       ___sbh_pHeaderScan         200d1fc8     <common>
 0003:00026fcc       ___sbh_sizeHeaderList      200d1fcc     <common>
 0003:00026fd0       ___sbh_indGroupDefer       200d1fd0     <common>
 0003:00026fd4       __pfnReportHook            200d1fd4     <common>
 0003:00026fd8       __pReportHookListW         200d1fd8     <common>
 0003:00026fdc       __pReportHookList          200d1fdc     <common>
 0003:00026fe0       __debugger_hook_dummy      200d1fe0     <common>
 0003:00026fe4       ___active_heap             200d1fe4     <common>
 0003:00026fe8       ___env_initialized         200d1fe8     <common>
 0003:00026fec       ___onexitend               200d1fec     <common>
 0003:00026ff0       ___onexitbegin             200d1ff0     <common>
 0003:00026ff4       ___mbctype_initialized     200d1ff4     <common>
 0003:00026ff8       ___dyn_tls_init_callback   200d1ff8     <common>
 0003:00026ffc       __nhandle                  200d1ffc     <common>
 0003:00027000       ___pioinfo                 200d2000     <common>
 0003:00027100       ___setlc_active            200d2100     <common>
 0003:00027104       ___unguarded_readlc_active 200d2104     <common>
 0003:00027108       ___piob                    200d2108     <common>
 0003:00027120       __bufin                    200d2120     <common>
 0003:00028120       __nstream                  200d3120     <common>
 0003:00028124       ___use_sse2_mathfcns       200d3124     <common>
 0003:00028128       __pmatherr                 200d3128     <common>
 0003:0002812c       ___sse2_available          200d312c     <common>
 0003:00028130       __acmdln                   200d3130     <common>

 entry point at        0001:00045cb0

 Static symbols

 0001:00006f10       _CheckPowerArmor           20007f10 f   g_combat.obj
 0001:00007140       _CheckArmor                20008140 f   g_combat.obj
 0001:0000e050       _drop_temp_touch           2000f050 f   g_items.obj
 0001:0000e080       _drop_make_touchable       2000f080 f   g_items.obj
 0001:00010a40       _light_use                 20011a40 f   g_misc.obj
 0001:00013c80       _localtime                 20014c80 f   g_misc.obj
 0001:00013ca0       _time                      20014ca0 f   g_misc.obj
 0001:00013cc0       _func_clock_reset          20014cc0 f   g_misc.obj
 0001:00013d30       _func_clock_format_countdown 20014d30 f   g_misc.obj
 0001:00014820       _M_FliesOn                 20015820 f   g_monster.obj
 0001:00014880       _M_FliesOff                20015880 f   g_monster.obj
 0001:00019fd0       _StringToFilter            2001afd0 f   g_svcmds.obj
 0001:0001f340       _fire_lead                 20020340 f   g_weapon.obj
 0001:0001fdb0       _check_dodge               20020db0 f   g_weapon.obj
 0001:00020160       _Grenade_Explode           20021160 f   g_weapon.obj
 0001:00020450       _Grenade_Touch             20021450 f   g_weapon.obj
 0001:0002f9a0       _parasite_drain_attack_ok  200309a0 f   m_parasite.obj
 0001:00032da0       _SP_CreateCoopSpots        20033da0 f   p_client.obj
 0001:000330b0       _SP_FixCoopSpots           200340b0 f   p_client.obj
 0001:0003bc00       _P_ProjectSource           2003cc00 f   p_weapon.obj
 0001:000414f0       _shortsort                 200424f0 f   LIBCMTD:qsort.obj
 0001:00041560       _swap                      20042560 f   LIBCMTD:qsort.obj
 0001:00044000       _vscan_fn                  20045000 f   LIBCMTD:sscanf.obj
 0001:00044ec0       _cmpBYTE                   20045ec0 f   LIBCMTD:memcmp.obj
 0001:00044ef0       _cmpResult                 20045ef0 f   LIBCMTD:memcmp.obj
 0001:00044f10       _unaligned_memcmp          20045f10 f   LIBCMTD:memcmp.obj
 0001:00045620       _cmpWORD                   20046620 f   LIBCMTD:memcmp.obj
 0001:000456a0       _cmpDWORD                  200466a0 f   LIBCMTD:memcmp.obj
 0001:00045ce0       ___DllMainCRTStartup       20046ce0 f   LIBCMTD:dllcrt0.obj
 0001:00046400       __cftoe2_l                 20047400 f   LIBCMTD:cvt.obj
 0001:00047190       __cftof2_l                 20048190 f   LIBCMTD:cvt.obj
 0001:00047770       __shift                    20048770 f   LIBCMTD:cvt.obj
 0001:00048340       _has_osfxsr_set            20049340 f   LIBCMTD:cpu_disp.obj
 0001:00048460       ?strtoxl@@YAKPAUlocaleinfo_struct@@PBDPAPBDHH@Z 20049460 f   LIBCMTD:strtol.obj
 0001:00048a40       ?strtoxq@@YA_KPAUlocaleinfo_struct@@PBDPAPBDHH@Z 20049a40 f   LIBCMTD:strtoq.obj
 0001:0004b2d0       _write_char                2004c2d0 f   LIBCMTD:output.obj
 0001:0004b370       _write_multi_char          2004c370 f   LIBCMTD:output.obj
 0001:0004b3b0       _write_string              2004c3b0 f   LIBCMTD:output.obj
 0001:0004dc80       __get_fname                2004ec80 f   LIBCMTD:_fpexcept_.obj
 0001:0004e3c0       _fastcopy_I                2004f3c0 f   LIBCMTD:p4_memcpy.obj
 0001:00052110       _write_char                20053110 f   LIBCMTD:outputp.obj
 0001:000521b0       _write_multi_char          200531b0 f   LIBCMTD:outputp.obj
 0001:000521f0       _write_string              200531f0 f   LIBCMTD:outputp.obj
 0001:00052350       __nh_malloc_dbg_impl       20053350 f   LIBCMTD:dbgheap.obj
 0001:000523e0       __heap_alloc_dbg_impl      200533e0 f   LIBCMTD:dbgheap.obj
 0001:000529f0       _realloc_help              200539f0 f   LIBCMTD:dbgheap.obj
 0001:00053b00       _CheckBytes                20054b00 f   LIBCMTD:dbgheap.obj
 0001:00054920       ?_CrtMemDumpAllObjectsSince_stat@@YAXPBU_CrtMemState@@PAUlocaleinfo_struct@@@Z 20055920 f   LIBCMTD:dbgheap.obj
 0001:00054c30       __printMemBlockData        20055c30 f   LIBCMTD:dbgheap.obj
 0001:000559d0       __tzset_nolock             200569d0 f   LIBCMTD:tzset.obj
 0001:00055fe0       __isindst_nolock           20056fe0 f   LIBCMTD:tzset.obj
 0001:00056340       _cvtdate                   20057340 f   LIBCMTD:tzset.obj
 0001:000577d0       _ValidateLocalCookies      200587d0 f   LIBCMTD:chandler4.obj
 0001:00058800       _flsall                    20059800 f   LIBCMTD:fflush.obj
 0001:0005a370       _fastzero_I                2005b370 f   LIBCMTD:p4_memset.obj
 0001:0005ae80       __unwind_handler4          2005be80 f   LIBCMTD:exsup4.obj
 0001:0005b640       ?getSystemCP@@YAHH@Z       2005c640 f   LIBCMTD:mbctype.obj
 0001:0005baa0       ?CPtoLCID@@YAHH@Z          2005caa0 f   LIBCMTD:mbctype.obj
 0001:0005bb20       ?setSBCS@@YAXPAUthreadmbcinfostruct@@@Z 2005cb20 f   LIBCMTD:mbctype.obj
 0001:0005bc00       ?setSBUpLow@@YAXPAUthreadmbcinfostruct@@@Z 2005cc00 f   LIBCMTD:mbctype.obj
 0001:0005c600       __updatetlocinfoEx_nolock  2005d600 f   LIBCMTD:setlocal.obj
 0001:0005cb70       __copytlocinfo_nolock      2005db70 f   LIBCMTD:setlocal.obj
 0001:0005cf90       _sync_legacy_variables_lk  2005df90 f   LIBCMTD:setlocal.obj
 0001:0005d010       __setlocale_nolock         2005e010 f   LIBCMTD:setlocal.obj
 0001:0005d400       __setlocale_set_cat        2005e400 f   LIBCMTD:setlocal.obj
 0001:0005d930       __setlocale_get_all        2005e930 f   LIBCMTD:setlocal.obj
 0001:00060a70       ___check_float_string      20061a70 f   LIBCMTD:input.obj
 0001:00060b90       __hextodec                 20061b90 f   LIBCMTD:input.obj
 0001:00060bd0       __inc                      20061bd0 f   LIBCMTD:input.obj
 0001:00060c30       __un_inc                   20061c30 f   LIBCMTD:input.obj
 0001:00060c50       __whiteout                 20061c50 f   LIBCMTD:input.obj
 0001:000627a0       ___check_float_string      200637a0 f   LIBCMTD:inputs.obj
 0001:000628a0       __hextodec                 200638a0 f   LIBCMTD:inputs.obj
 0001:000628e0       __inc                      200638e0 f   LIBCMTD:inputs.obj
 0001:00062940       __un_inc                   20063940 f   LIBCMTD:inputs.obj
 0001:00062960       __whiteout                 20063960 f   LIBCMTD:inputs.obj
 0001:00064300       _doexit                    20065300 f   LIBCMTD:crt0dat.obj
 0001:00064630       __initterm                 20065630 f   LIBCMTD:crt0dat.obj
 0001:00064b50       _parse_cmdline             20065b50 f   LIBCMTD:stdargv.obj
 0001:000655a0       _xcptlookup                200665a0 f   LIBCMTD:winxfltr.obj
 0001:00067590       ?CatchGuardHandler@@YA?AW4_EXCEPTION_DISPOSITION@@PAUEHExceptionRecord@@PAUCatchGuardRN@@PAX2@Z 20068590 f   LIBCMTD:_trnsctrl_.obj
 0001:000676d0       ?TranslatorGuardHandler@@YA?AW4_EXCEPTION_DISPOSITION@@PAUEHExceptionRecord@@PAUTranslatorGuardRN@@PAX2@Z 200686d0 f   LIBCMTD:_trnsctrl_.obj
 0001:00069140       _ctrlevent_capture@4       2006a140 f   LIBCMTD:winsig.obj
 0001:00069540       _siglookup                 2006a540 f   LIBCMTD:winsig.obj
 0001:0006c2c0       _write_char                2006d2c0 f   LIBCMTD:outputs.obj
 0001:0006c360       _write_multi_char          2006d360 f   LIBCMTD:outputs.obj
 0001:0006c3a0       _write_string              2006d3a0 f   LIBCMTD:outputs.obj
 0001:0006d2b0       __is_LFH_enabled           2006e2b0 f   LIBCMTD:expand.obj
 0001:0006fee0       __getenv_s_helper          20070ee0 f   LIBCMTD:getenv.obj
 0001:00070150       __dupenv_s_helper          20071150 f   LIBCMTD:getenv.obj
 0001:000721a0       __tsopen_nolock            200731a0 f   LIBCMTD:open.obj
 0001:00073af8       __unwind_handler           20074af8 f   LIBCMTD:exsup.obj
 0001:00074390       ?__crtGetStringTypeA_stat@@YAHPAUlocaleinfo_struct@@KPBDHPAGHHH@Z 20075390 f   LIBCMTD:a_str.obj
 0001:000746c0       ?__crtLCMapStringA_stat@@YAHPAUlocaleinfo_struct@@KKPBDHPADHHH@Z 200756c0 f   LIBCMTD:a_map.obj
 0001:00074bc0       ?strncnt@@YAHPBDH@Z        20075bc0 f   LIBCMTD:a_map.obj
 0001:00074d60       __get_lc_time              20075d60 f   LIBCMTD:inittime.obj
 0001:00075980       _fix_grouping              20076980 f   LIBCMTD:initnum.obj
 0001:00075ef0       _fix_grouping              20076ef0 f   LIBCMTD:initmon.obj
 0001:00076ec0       ?_expandtime@@YAHPAUlocaleinfo_struct@@DPBUtm@@PAPADPAIPAU__lc_time_data@@I@Z 20077ec0 f   LIBCMTD:strftime.obj
 0001:00077e90       ?_store_str@@YAXPADPAPADPAI@Z 20078e90 f   LIBCMTD:strftime.obj
 0001:00077ee0       ?_store_num@@YAXHHPAPADPAII@Z 20078ee0 f   LIBCMTD:strftime.obj
 0001:00077f90       ?_store_number@@YAXHPAPADPAI@Z 20078f90 f   LIBCMTD:strftime.obj
 0001:00078040       ?_store_winword@@YAHPAUlocaleinfo_struct@@HPBUtm@@PAPADPAIPAU__lc_time_data@@@Z 20079040 f   LIBCMTD:strftime.obj
 0001:00078fd0       _TranslateName             20079fd0 f   LIBCMTD:getqloc.obj
 0001:00079060       _GetLcidFromLangCountry    2007a060 f   LIBCMTD:getqloc.obj
 0001:00079120       _LangCountryEnumProc@4     2007a120 f   LIBCMTD:getqloc.obj
 0001:00079560       _GetLcidFromLanguage       2007a560 f   LIBCMTD:getqloc.obj
 0001:000795e0       _LanguageEnumProc@4        2007a5e0 f   LIBCMTD:getqloc.obj
 0001:00079780       _GetLcidFromCountry        2007a780 f   LIBCMTD:getqloc.obj
 0001:000797d0       _CountryEnumProc@4         2007a7d0 f   LIBCMTD:getqloc.obj
 0001:000798d0       _GetLcidFromDefault        2007a8d0 f   LIBCMTD:getqloc.obj
 0001:00079910       _ProcessCodePage           2007a910 f   LIBCMTD:getqloc.obj
 0001:000799e0       _TestDefaultCountry        2007a9e0 f   LIBCMTD:getqloc.obj
 0001:00079a30       _TestDefaultLanguage       2007aa30 f   LIBCMTD:getqloc.obj
 0001:00079ad0       _LcidFromHexString         2007aad0 f   LIBCMTD:getqloc.obj
 0001:00079b50       _GetPrimaryLen             2007ab50 f   LIBCMTD:getqloc.obj
 0001:0007a160       __onexit_nolock            2007b160 f   LIBCMTD:onexit.obj
 0001:0007afc0       ?x_ismbbtype_l@@YAHPAUlocaleinfo_struct@@IHH@Z 2007bfc0 f   LIBCMTD:ismbbyte.obj
 0001:0007b3e0       __abstract_cw              2007c3e0 f   LIBCMTD:_ieee87_.obj
 0001:0007b530       __hw_cw                    2007c530 f   LIBCMTD:_ieee87_.obj
 0001:0007b690       __abstract_sw              2007c690 f   LIBCMTD:_ieee87_.obj
 0001:0007b720       ___statusfp_sse2           2007c720 f   LIBCMTD:_ieee87_.obj
 0001:0007b740       ___clearfp_sse2            2007c740 f   LIBCMTD:_ieee87_.obj
 0001:0007b770       ___control87_sse2          2007c770 f   LIBCMTD:_ieee87_.obj
 0001:0007b7f0       ___abstract_cw_sse2        2007c7f0 f   LIBCMTD:_ieee87_.obj
 0001:0007b940       ___hw_cw_sse2              2007c940 f   LIBCMTD:_ieee87_.obj
 0001:0007ba90       ___abstract_sw_sse2        2007ca90 f   LIBCMTD:_ieee87_.obj
 0001:0007bb20       ___fpreset_sse2            2007cb20 f   LIBCMTD:_ieee87_.obj
 0001:0007c250       ?FindHandler@@YAXPAUEHExceptionRecord@@PAUEHRegistrationNode@@PAU_CONTEXT@@PAXPBU_s_FuncInfo@@EH1@Z 2007d250 f   LIBCMTD:frame.obj
 0001:0007c7a0       ?FindHandlerForForeignException@@YAXPAUEHExceptionRecord@@PAUEHRegistrationNode@@PAU_CONTEXT@@PAXPBU_s_FuncInfo@@HH1@Z 2007d7a0 f   LIBCMTD:frame.obj
 0001:0007cbd0       ?CatchIt@@YAXPAUEHExceptionRecord@@PAUEHRegistrationNode@@PAU_CONTEXT@@PAXPBU_s_FuncInfo@@PBU_s_HandlerType@@PBU_s_CatchableType@@PBU_s_TryBlockMapEntry@@H1E@Z 2007dbd0 f   LIBCMTD:frame.obj
 0001:0007cc90       ?CallCatchBlock@@YAPAXPAUEHExceptionRecord@@PAUEHRegistrationNode@@PAU_CONTEXT@@PBU_s_FuncInfo@@PAXHK@Z 2007dc90 f   LIBCMTD:frame.obj
 0001:0007cf20       ?ExFilterRethrow@@YAHPAU_EXCEPTION_POINTERS@@@Z 2007df20 f   LIBCMTD:frame.obj
 0001:0007db80       ?IsInExceptionSpec@@YAEPAUEHExceptionRecord@@PBU_s_ESTypeList@@@Z 2007eb80 f   LIBCMTD:frame.obj
 0001:0007dc40       ?CallUnexpected@@YAXPBU_s_ESTypeList@@@Z 2007ec40 f   LIBCMTD:frame.obj
 0001:0007dc8e       __catch$?CallUnexpected@@YAXPBU_s_ESTypeList@@@Z$0 2007ec8e f   LIBCMTD:frame.obj
 0001:0007dcd0       ?Is_bad_exception_allowed@@YAEPBU_s_ESTypeList@@@Z 2007ecd0 f   LIBCMTD:frame.obj
 0001:0007e620       _xtoa_s@20                 2007f620 f   LIBCMTD:xtoas.obj
 0001:0007ea40       @x64toa_s@24               2007fa40 f   LIBCMTD:xtoas.obj
 0001:0007f2a0       ?wcsncnt@@YAIPB_WI@Z       200802a0 f   LIBCMTD:wcstombs.obj
 0001:000804e0       _xtow_s@20                 200814e0 f   LIBCMTD:xtows.obj
 0001:00080910       @x64tow_s@24               20081910 f   LIBCMTD:xtows.obj
 0001:00081da0       _write_char                20082da0 f   LIBCMTD:woutput.obj
 0001:00081e00       _write_multi_char          20082e00 f   LIBCMTD:woutput.obj
 0001:00081e40       _write_string              20082e40 f   LIBCMTD:woutput.obj
 0001:00082250       ?DebuggerProbe@@YAHK@Z     20083250 f   LIBCMTD:_error_.obj
 0001:00082340       ?failwithmessage@@YAXPAXHHPBD@Z 20083340 f   LIBCMTD:_error_.obj
 0001:00082550       ?DebuggerRuntime@@YAHKHPAXPB_W@Z 20083550 f   LIBCMTD:_error_.obj
 0001:00082830       ?_getMemBlockDataString@@YAXPAD00I@Z 20083830 f   LIBCMTD:_error_.obj
 0001:00084af0       ?__crtGetLocaleInfoW_stat@@YAHPAUlocaleinfo_struct@@KKPA_WHH@Z 20085af0 f   LIBCMTD:w_loc.obj
 0001:00084b60       ?__crtGetLocaleInfoA_stat@@YAHPAUlocaleinfo_struct@@KKPADHH@Z 20085b60 f   LIBCMTD:a_loc.obj
 0001:00086760       _write_char                20087760 f   LIBCMTD:woutputs.obj
 0001:000867c0       _write_multi_char          200877c0 f   LIBCMTD:woutputs.obj
 0001:00086800       _write_string              20087800 f   LIBCMTD:woutputs.obj
 0001:0008a130       _write_char                2008b130 f   LIBCMTD:woutputp.obj
 0001:0008a190       _write_multi_char          2008b190 f   LIBCMTD:woutputp.obj
 0001:0008a1d0       _write_string              2008b1d0 f   LIBCMTD:woutputp.obj
 0001:0008a930       ?GetPdbDll@@YAPAUHINSTANCE__@@XZ 2008b930 f   LIBCMTD:_pdblkup_.obj
 0001:0008ac20       ?__crtGetStringTypeW_stat@@YAHPAUlocaleinfo_struct@@KPB_WHPAGHH@Z 2008bc20 f   LIBCMTD:w_str.obj
 0001:0008acb0       ?__crtCompareStringA_stat@@YAHPAUlocaleinfo_struct@@KKPBDH1HH@Z 2008bcb0 f   LIBCMTD:a_cmp.obj
 0001:0008b1c0       ?strncnt@@YAHPBDH@Z        2008c1c0 f   LIBCMTD:a_cmp.obj
 0001:0008b980       _findenv                   2008c980 f   LIBCMTD:setenv.obj
 0001:0008ba00       _copy_environ              2008ca00 f   LIBCMTD:setenv.obj
 0001:0008c260       ?wcstoxl@@YAKPAUlocaleinfo_struct@@PB_WPAPB_WHH@Z 2008d260 f   LIBCMTD:wcstol.obj
 0001:00096190       ?und_strlen@@YAIPBD@Z      20097190 f   LIBCMTD:undname.obj
 0001:000961d0       ?und_memcpy@@YAXPADPBDI@Z  200971d0 f   LIBCMTD:undname.obj
 0001:00096210       ?und_strncmp@@YAIPBD0I@Z   20097210 f   LIBCMTD:undname.obj
 0001:00096930       __unwindfunclet$?strtoxl@@YAKPAUlocaleinfo_struct@@PBDPAPBDHH@Z$0 20097930 f   LIBCMTD:strtol.obj
 0001:00096938       __ehhandler$?strtoxl@@YAKPAUlocaleinfo_struct@@PBDPAPBDHH@Z 20097938 f   LIBCMTD:strtol.obj
 0001:00096960       __unwindfunclet$?strtoxq@@YA_KPAUlocaleinfo_struct@@PBDPAPBDHH@Z$0 20097960 f   LIBCMTD:strtoq.obj
 0001:00096968       __ehhandler$?strtoxq@@YA_KPAUlocaleinfo_struct@@PBDPAPBDHH@Z 20097968 f   LIBCMTD:strtoq.obj
 0001:00096990       __unwindfunclet$?getSystemCP@@YAHH@Z$0 20097990 f   LIBCMTD:mbctype.obj
 0001:00096998       __ehhandler$?getSystemCP@@YAHH@Z 20097998 f   LIBCMTD:mbctype.obj
 0001:000969c0       __unwindfunclet$?x_ismbbtype_l@@YAHPAUlocaleinfo_struct@@IHH@Z$0 200979c0 f   LIBCMTD:ismbbyte.obj
 0001:000969c8       __ehhandler$?x_ismbbtype_l@@YAHPAUlocaleinfo_struct@@IHH@Z 200979c8 f   LIBCMTD:ismbbyte.obj
 0001:000969f0       __ehhandler$?CallUnexpected@@YAXPBU_s_ESTypeList@@@Z 200979f0 f   LIBCMTD:frame.obj
 0001:00096a10       __unwindfunclet$?wcstoxl@@YAKPAUlocaleinfo_struct@@PB_WPAPB_WHH@Z$0 20097a10 f   LIBCMTD:wcstol.obj
 0001:00096a18       __ehhandler$?wcstoxl@@YAKPAUlocaleinfo_struct@@PB_WPAPB_WHH@Z 20097a18 f   LIBCMTD:wcstol.obj
 0001:00096a40       __unwindfunclet$?make@DNameStatusNode@@SAPAV1@W4DNameStatus@@@Z$0 20097a40 f   LIBCMTD:undname.obj
 0001:00096a4e       __ehhandler$?make@DNameStatusNode@@SAPAV1@W4DNameStatus@@@Z 20097a4e f   LIBCMTD:undname.obj
